<?xml version="1.0" encoding="ISO-8859-1" ?>
<link_info>
   <banner>TI ARM Linker Unix v18.1.4.LTS</banner>
   <copyright>Copyright (c) 1996-2018 Texas Instruments Incorporated</copyright>
   <link_time>0x5c3d63f8</link_time>
   <link_errors>0x0</link_errors>
   <output_file>test_lidar.out</output_file>
   <entry_point>
      <name>_c_int00</name>
      <address>0x68d8</address>
   </entry_point>
   <input_file_list>
      <input_file id="fl-2">
         <path>./source/</path>
         <kind>object</kind>
         <file>HL_epc.obj</file>
         <name>HL_epc.obj</name>
      </input_file>
      <input_file id="fl-3">
         <path>./source/</path>
         <kind>object</kind>
         <file>HL_errata.obj</file>
         <name>HL_errata.obj</name>
      </input_file>
      <input_file id="fl-4">
         <path>./source/</path>
         <kind>object</kind>
         <file>HL_esm.obj</file>
         <name>HL_esm.obj</name>
      </input_file>
      <input_file id="fl-5">
         <path>./source/</path>
         <kind>object</kind>
         <file>HL_gio.obj</file>
         <name>HL_gio.obj</name>
      </input_file>
      <input_file id="fl-6">
         <path>./source/</path>
         <kind>object</kind>
         <file>HL_i2c.obj</file>
         <name>HL_i2c.obj</name>
      </input_file>
      <input_file id="fl-7">
         <path>./source/</path>
         <kind>object</kind>
         <file>HL_nmpu.obj</file>
         <name>HL_nmpu.obj</name>
      </input_file>
      <input_file id="fl-8">
         <path>./source/</path>
         <kind>object</kind>
         <file>HL_notification.obj</file>
         <name>HL_notification.obj</name>
      </input_file>
      <input_file id="fl-9">
         <path>./source/</path>
         <kind>object</kind>
         <file>HL_pinmux.obj</file>
         <name>HL_pinmux.obj</name>
      </input_file>
      <input_file id="fl-a">
         <path>./source/</path>
         <kind>object</kind>
         <file>HL_sci.obj</file>
         <name>HL_sci.obj</name>
      </input_file>
      <input_file id="fl-b">
         <path>./source/</path>
         <kind>object</kind>
         <file>HL_sys_core.obj</file>
         <name>HL_sys_core.obj</name>
      </input_file>
      <input_file id="fl-c">
         <path>./source/</path>
         <kind>object</kind>
         <file>HL_sys_dma.obj</file>
         <name>HL_sys_dma.obj</name>
      </input_file>
      <input_file id="fl-d">
         <path>./source/</path>
         <kind>object</kind>
         <file>HL_sys_intvecs.obj</file>
         <name>HL_sys_intvecs.obj</name>
      </input_file>
      <input_file id="fl-e">
         <path>./source/</path>
         <kind>object</kind>
         <file>HL_sys_main.obj</file>
         <name>HL_sys_main.obj</name>
      </input_file>
      <input_file id="fl-f">
         <path>./source/</path>
         <kind>object</kind>
         <file>HL_sys_mpu.obj</file>
         <name>HL_sys_mpu.obj</name>
      </input_file>
      <input_file id="fl-10">
         <path>./source/</path>
         <kind>object</kind>
         <file>HL_sys_pcr.obj</file>
         <name>HL_sys_pcr.obj</name>
      </input_file>
      <input_file id="fl-11">
         <path>./source/</path>
         <kind>object</kind>
         <file>HL_sys_phantom.obj</file>
         <name>HL_sys_phantom.obj</name>
      </input_file>
      <input_file id="fl-12">
         <path>./source/</path>
         <kind>object</kind>
         <file>HL_sys_pmm.obj</file>
         <name>HL_sys_pmm.obj</name>
      </input_file>
      <input_file id="fl-13">
         <path>./source/</path>
         <kind>object</kind>
         <file>HL_sys_pmu.obj</file>
         <name>HL_sys_pmu.obj</name>
      </input_file>
      <input_file id="fl-14">
         <path>./source/</path>
         <kind>object</kind>
         <file>HL_sys_startup.obj</file>
         <name>HL_sys_startup.obj</name>
      </input_file>
      <input_file id="fl-15">
         <path>./source/</path>
         <kind>object</kind>
         <file>HL_sys_vim.obj</file>
         <name>HL_sys_vim.obj</name>
      </input_file>
      <input_file id="fl-16">
         <path>./source/</path>
         <kind>object</kind>
         <file>HL_system.obj</file>
         <name>HL_system.obj</name>
      </input_file>
      <input_file id="fl-1a">
         <kind>object</kind>
         <file>&lt;internal&gt;</file>
         <name>&lt;internal&gt;</name>
      </input_file>
      <input_file id="fl-d0">
         <path>/home/leedh/ti/ccsv8/tools/compiler/ti-cgt-arm_18.1.4.LTS/lib/</path>
         <kind>archive</kind>
         <file>rtsv7R4_A_be_v3D16_eabi.lib</file>
         <name>s_floor.c.obj</name>
      </input_file>
      <input_file id="fl-d1">
         <path>/home/leedh/ti/ccsv8/tools/compiler/ti-cgt-arm_18.1.4.LTS/lib/</path>
         <kind>archive</kind>
         <file>rtsv7R4_A_be_v3D16_eabi.lib</file>
         <name>i_div32.asm.obj</name>
      </input_file>
      <input_file id="fl-d2">
         <path>/home/leedh/ti/ccsv8/tools/compiler/ti-cgt-arm_18.1.4.LTS/lib/</path>
         <kind>archive</kind>
         <file>rtsv7R4_A_be_v3D16_eabi.lib</file>
         <name>memcpy32.asm.obj</name>
      </input_file>
      <input_file id="fl-d3">
         <path>/home/leedh/ti/ccsv8/tools/compiler/ti-cgt-arm_18.1.4.LTS/lib/</path>
         <kind>archive</kind>
         <file>rtsv7R4_A_be_v3D16_eabi.lib</file>
         <name>memset32.asm.obj</name>
      </input_file>
      <input_file id="fl-d4">
         <path>/home/leedh/ti/ccsv8/tools/compiler/ti-cgt-arm_18.1.4.LTS/lib/</path>
         <kind>archive</kind>
         <file>rtsv7R4_A_be_v3D16_eabi.lib</file>
         <name>autoinit.c.obj</name>
      </input_file>
      <input_file id="fl-d5">
         <path>/home/leedh/ti/ccsv8/tools/compiler/ti-cgt-arm_18.1.4.LTS/lib/</path>
         <kind>archive</kind>
         <file>rtsv7R4_A_be_v3D16_eabi.lib</file>
         <name>cpy_tbl.c.obj</name>
      </input_file>
      <input_file id="fl-d6">
         <path>/home/leedh/ti/ccsv8/tools/compiler/ti-cgt-arm_18.1.4.LTS/lib/</path>
         <kind>archive</kind>
         <file>rtsv7R4_A_be_v3D16_eabi.lib</file>
         <name>copy_zero_init.c.obj</name>
      </input_file>
      <input_file id="fl-d7">
         <path>/home/leedh/ti/ccsv8/tools/compiler/ti-cgt-arm_18.1.4.LTS/lib/</path>
         <kind>archive</kind>
         <file>rtsv7R4_A_be_v3D16_eabi.lib</file>
         <name>copy_decompress_none.c.obj</name>
      </input_file>
      <input_file id="fl-d8">
         <path>/home/leedh/ti/ccsv8/tools/compiler/ti-cgt-arm_18.1.4.LTS/lib/</path>
         <kind>archive</kind>
         <file>rtsv7R4_A_be_v3D16_eabi.lib</file>
         <name>copy_decompress_lzss.c.obj</name>
      </input_file>
      <input_file id="fl-d9">
         <path>/home/leedh/ti/ccsv8/tools/compiler/ti-cgt-arm_18.1.4.LTS/lib/</path>
         <kind>archive</kind>
         <file>rtsv7R4_A_be_v3D16_eabi.lib</file>
         <name>exit.c.obj</name>
      </input_file>
      <input_file id="fl-da">
         <path>/home/leedh/ti/ccsv8/tools/compiler/ti-cgt-arm_18.1.4.LTS/lib/</path>
         <kind>archive</kind>
         <file>rtsv7R4_A_be_v3D16_eabi.lib</file>
         <name>_lock.c.obj</name>
      </input_file>
      <input_file id="fl-db">
         <path>/home/leedh/ti/ccsv8/tools/compiler/ti-cgt-arm_18.1.4.LTS/lib/</path>
         <kind>archive</kind>
         <file>rtsv7R4_A_be_v3D16_eabi.lib</file>
         <name>sprintf.c.obj</name>
      </input_file>
      <input_file id="fl-dc">
         <path>/home/leedh/ti/ccsv8/tools/compiler/ti-cgt-arm_18.1.4.LTS/lib/</path>
         <kind>archive</kind>
         <file>rtsv7R4_A_be_v3D16_eabi.lib</file>
         <name>strlen.c.obj</name>
      </input_file>
      <input_file id="fl-dd">
         <path>/home/leedh/ti/ccsv8/tools/compiler/ti-cgt-arm_18.1.4.LTS/lib/</path>
         <kind>archive</kind>
         <file>rtsv7R4_A_be_v3D16_eabi.lib</file>
         <name>div0.asm.obj</name>
      </input_file>
      <input_file id="fl-de">
         <path>/home/leedh/ti/ccsv8/tools/compiler/ti-cgt-arm_18.1.4.LTS/lib/</path>
         <kind>archive</kind>
         <file>rtsv7R4_A_be_v3D16_eabi.lib</file>
         <name>_printfi.c.obj</name>
      </input_file>
      <input_file id="fl-df">
         <path>/home/leedh/ti/ccsv8/tools/compiler/ti-cgt-arm_18.1.4.LTS/lib/</path>
         <kind>archive</kind>
         <file>rtsv7R4_A_be_v3D16_eabi.lib</file>
         <name>atoi.c.obj</name>
      </input_file>
      <input_file id="fl-e0">
         <path>/home/leedh/ti/ccsv8/tools/compiler/ti-cgt-arm_18.1.4.LTS/lib/</path>
         <kind>archive</kind>
         <file>rtsv7R4_A_be_v3D16_eabi.lib</file>
         <name>ctype.c.obj</name>
      </input_file>
      <input_file id="fl-e1">
         <path>/home/leedh/ti/ccsv8/tools/compiler/ti-cgt-arm_18.1.4.LTS/lib/</path>
         <kind>archive</kind>
         <file>rtsv7R4_A_be_v3D16_eabi.lib</file>
         <name>ltoa.c.obj</name>
      </input_file>
      <input_file id="fl-e2">
         <path>/home/leedh/ti/ccsv8/tools/compiler/ti-cgt-arm_18.1.4.LTS/lib/</path>
         <kind>archive</kind>
         <file>rtsv7R4_A_be_v3D16_eabi.lib</file>
         <name>memccpy.c.obj</name>
      </input_file>
      <input_file id="fl-e3">
         <path>/home/leedh/ti/ccsv8/tools/compiler/ti-cgt-arm_18.1.4.LTS/lib/</path>
         <kind>archive</kind>
         <file>rtsv7R4_A_be_v3D16_eabi.lib</file>
         <name>strchr.c.obj</name>
      </input_file>
      <input_file id="fl-e4">
         <path>/home/leedh/ti/ccsv8/tools/compiler/ti-cgt-arm_18.1.4.LTS/lib/</path>
         <kind>archive</kind>
         <file>rtsv7R4_A_be_v3D16_eabi.lib</file>
         <name>errno.c.obj</name>
      </input_file>
      <input_file id="fl-e5">
         <path>/home/leedh/ti/ccsv8/tools/compiler/ti-cgt-arm_18.1.4.LTS/lib/</path>
         <kind>archive</kind>
         <file>rtsv7R4_A_be_v3D16_eabi.lib</file>
         <name>s_frexp.c.obj</name>
      </input_file>
      <input_file id="fl-e6">
         <path>/home/leedh/ti/ccsv8/tools/compiler/ti-cgt-arm_18.1.4.LTS/lib/</path>
         <kind>archive</kind>
         <file>rtsv7R4_A_be_v3D16_eabi.lib</file>
         <name>s_scalbn.c.obj</name>
      </input_file>
      <input_file id="fl-e7">
         <path>/home/leedh/ti/ccsv8/tools/compiler/ti-cgt-arm_18.1.4.LTS/lib/</path>
         <kind>archive</kind>
         <file>rtsv7R4_A_be_v3D16_eabi.lib</file>
         <name>wcslen.c.obj</name>
      </input_file>
      <input_file id="fl-e8">
         <path>/home/leedh/ti/ccsv8/tools/compiler/ti-cgt-arm_18.1.4.LTS/lib/</path>
         <kind>archive</kind>
         <file>rtsv7R4_A_be_v3D16_eabi.lib</file>
         <name>u_div32.asm.obj</name>
      </input_file>
      <input_file id="fl-e9">
         <path>/home/leedh/ti/ccsv8/tools/compiler/ti-cgt-arm_18.1.4.LTS/lib/</path>
         <kind>archive</kind>
         <file>rtsv7R4_A_be_v3D16_eabi.lib</file>
         <name>ull_div32.asm.obj</name>
      </input_file>
      <input_file id="fl-ea">
         <path>/home/leedh/ti/ccsv8/tools/compiler/ti-cgt-arm_18.1.4.LTS/lib/</path>
         <kind>archive</kind>
         <file>rtsv7R4_A_be_v3D16_eabi.lib</file>
         <name>s_copysign.c.obj</name>
      </input_file>
   </input_file_list>
   <object_component_list>
      <object_component id="oc-28">
         <name>.intvecs</name>
         <load_address>0x0</load_address>
         <run_address>0x0</run_address>
         <size>0x20</size>
         <input_file_ref idref="fl-d"/>
      </object_component>
      <object_component id="oc-1c8">
         <name>.text:__TI_printfi</name>
         <load_address>0x20</load_address>
         <run_address>0x20</run_address>
         <size>0xf9c</size>
         <input_file_ref idref="fl-de"/>
      </object_component>
      <object_component id="oc-11d">
         <name>.text</name>
         <load_address>0xfbc</load_address>
         <run_address>0xfbc</run_address>
         <size>0x9e4</size>
         <input_file_ref idref="fl-6"/>
      </object_component>
      <object_component id="oc-c6">
         <name>.text</name>
         <load_address>0x19a0</load_address>
         <run_address>0x19a0</run_address>
         <size>0x9c4</size>
         <input_file_ref idref="fl-9"/>
      </object_component>
      <object_component id="oc-6d">
         <name>.text</name>
         <load_address>0x2364</load_address>
         <run_address>0x2364</run_address>
         <size>0x95c</size>
         <input_file_ref idref="fl-16"/>
      </object_component>
      <object_component id="oc-34">
         <name>.text</name>
         <load_address>0x2cc0</load_address>
         <run_address>0x2cc0</run_address>
         <size>0x938</size>
         <input_file_ref idref="fl-15"/>
      </object_component>
      <object_component id="oc-10b">
         <name>.text</name>
         <load_address>0x35f8</load_address>
         <run_address>0x35f8</run_address>
         <size>0x870</size>
         <input_file_ref idref="fl-a"/>
      </object_component>
      <object_component id="oc-73">
         <name>.text</name>
         <load_address>0x3e68</load_address>
         <run_address>0x3e68</run_address>
         <size>0x78c</size>
         <input_file_ref idref="fl-4"/>
      </object_component>
      <object_component id="oc-7f">
         <name>.text</name>
         <load_address>0x45f4</load_address>
         <run_address>0x45f4</run_address>
         <size>0x6c8</size>
         <input_file_ref idref="fl-e"/>
      </object_component>
      <object_component id="oc-62">
         <name>.text</name>
         <load_address>0x4cbc</load_address>
         <run_address>0x4cbc</run_address>
         <size>0x3c4</size>
         <input_file_ref idref="fl-b"/>
      </object_component>
      <object_component id="oc-79">
         <name>.text</name>
         <load_address>0x5080</load_address>
         <run_address>0x5080</run_address>
         <size>0x36c</size>
         <input_file_ref idref="fl-f"/>
      </object_component>
      <object_component id="oc-33">
         <name>.text:retain</name>
         <load_address>0x53ec</load_address>
         <run_address>0x53ec</run_address>
         <size>0x33c</size>
         <input_file_ref idref="fl-15"/>
      </object_component>
      <object_component id="oc-24f">
         <name>.text:_pconv_a</name>
         <load_address>0x5728</load_address>
         <run_address>0x5728</run_address>
         <size>0x2dc</size>
         <input_file_ref idref="fl-de"/>
      </object_component>
      <object_component id="oc-2b2">
         <name>.text</name>
         <load_address>0x5a04</load_address>
         <run_address>0x5a04</run_address>
         <size>0x2b8</size>
         <input_file_ref idref="fl-e9"/>
      </object_component>
      <object_component id="oc-23d">
         <name>.text:_pconv_g</name>
         <load_address>0x5cbc</load_address>
         <run_address>0x5cbc</run_address>
         <size>0x248</size>
         <input_file_ref idref="fl-de"/>
      </object_component>
      <object_component id="oc-4a">
         <name>.text</name>
         <load_address>0x5f04</load_address>
         <run_address>0x5f04</run_address>
         <size>0x180</size>
         <input_file_ref idref="fl-d2"/>
      </object_component>
      <object_component id="oc-1f">
         <name>.text:retain</name>
         <load_address>0x6084</load_address>
         <run_address>0x6084</run_address>
         <size>0x178</size>
         <input_file_ref idref="fl-4"/>
      </object_component>
      <object_component id="oc-249">
         <name>.text:_pconv_e</name>
         <load_address>0x61fc</load_address>
         <run_address>0x61fc</run_address>
         <size>0x15c</size>
         <input_file_ref idref="fl-de"/>
      </object_component>
      <object_component id="oc-2d0">
         <name>.text:fcvt</name>
         <load_address>0x6358</load_address>
         <run_address>0x6358</run_address>
         <size>0x144</size>
         <input_file_ref idref="fl-de"/>
      </object_component>
      <object_component id="oc-1bd">
         <name>.text:floor</name>
         <load_address>0x649c</load_address>
         <run_address>0x649c</run_address>
         <size>0x13c</size>
         <input_file_ref idref="fl-d0"/>
      </object_component>
      <object_component id="oc-2e4">
         <name>.text:scalbn</name>
         <load_address>0x65d8</load_address>
         <run_address>0x65d8</run_address>
         <size>0x120</size>
         <input_file_ref idref="fl-e6"/>
      </object_component>
      <object_component id="oc-237">
         <name>.text:_ltostr</name>
         <load_address>0x66f8</load_address>
         <run_address>0x66f8</run_address>
         <size>0x115</size>
         <input_file_ref idref="fl-de"/>
      </object_component>
      <object_component id="oc-2c9">
         <name>.text:_mcpy</name>
         <load_address>0x6810</load_address>
         <run_address>0x6810</run_address>
         <size>0xc8</size>
         <input_file_ref idref="fl-de"/>
      </object_component>
      <object_component id="oc-19">
         <name>.text:retain</name>
         <load_address>0x68d8</load_address>
         <run_address>0x68d8</run_address>
         <size>0xb4</size>
         <input_file_ref idref="fl-14"/>
      </object_component>
      <object_component id="oc-b8">
         <name>.text</name>
         <load_address>0x698c</load_address>
         <run_address>0x698c</run_address>
         <size>0xb0</size>
         <input_file_ref idref="fl-d3"/>
      </object_component>
      <object_component id="oc-67">
         <name>.text</name>
         <load_address>0x6a3c</load_address>
         <run_address>0x6a3c</run_address>
         <size>0x9c</size>
         <input_file_ref idref="fl-8"/>
      </object_component>
      <object_component id="oc-2c3">
         <name>.text:_ecpy</name>
         <load_address>0x6ad8</load_address>
         <run_address>0x6ad8</run_address>
         <size>0x98</size>
         <input_file_ref idref="fl-de"/>
      </object_component>
      <object_component id="oc-c">
         <name>.text:decompress:lzss:__TI_decompress_lzss</name>
         <load_address>0x6b70</load_address>
         <run_address>0x6b70</run_address>
         <size>0x90</size>
         <input_file_ref idref="fl-d8"/>
      </object_component>
      <object_component id="oc-2de">
         <name>.text:frexp</name>
         <load_address>0x6c00</load_address>
         <run_address>0x6c00</run_address>
         <size>0x8c</size>
         <input_file_ref idref="fl-e5"/>
      </object_component>
      <object_component id="oc-231">
         <name>.text:atoi</name>
         <load_address>0x6c8c</load_address>
         <run_address>0x6c8c</run_address>
         <size>0x84</size>
         <input_file_ref idref="fl-df"/>
      </object_component>
      <object_component id="oc-2bd">
         <name>.text:ltoa</name>
         <load_address>0x6d10</load_address>
         <run_address>0x6d10</run_address>
         <size>0x80</size>
         <input_file_ref idref="fl-e1"/>
      </object_component>
      <object_component id="oc-243">
         <name>.text:_pconv_f</name>
         <load_address>0x6d90</load_address>
         <run_address>0x6d90</run_address>
         <size>0x74</size>
         <input_file_ref idref="fl-de"/>
      </object_component>
      <object_component id="oc-db">
         <name>.text:__TI_auto_init_nobinit_nopinit:__TI_auto_init_nobinit_nopinit</name>
         <load_address>0x6e04</load_address>
         <run_address>0x6e04</run_address>
         <size>0x68</size>
         <input_file_ref idref="fl-d4"/>
      </object_component>
      <object_component id="oc-2d6">
         <name>.text:_fcpy</name>
         <load_address>0x6e6c</load_address>
         <run_address>0x6e6c</run_address>
         <size>0x64</size>
         <input_file_ref idref="fl-de"/>
      </object_component>
      <object_component id="oc-111">
         <name>.text:sprintf</name>
         <load_address>0x6ed0</load_address>
         <run_address>0x6ed0</run_address>
         <size>0x64</size>
         <input_file_ref idref="fl-db"/>
      </object_component>
      <object_component id="oc-123">
         <name>.text</name>
         <load_address>0x6f34</load_address>
         <run_address>0x6f34</run_address>
         <size>0x54</size>
         <input_file_ref idref="fl-d1"/>
      </object_component>
      <object_component id="oc-2b7">
         <name>.text</name>
         <load_address>0x6f88</load_address>
         <run_address>0x6f88</run_address>
         <size>0x50</size>
         <input_file_ref idref="fl-e8"/>
      </object_component>
      <object_component id="oc-1ce">
         <name>.text:_outs</name>
         <load_address>0x6fd8</load_address>
         <run_address>0x6fd8</run_address>
         <size>0x30</size>
         <input_file_ref idref="fl-db"/>
      </object_component>
      <object_component id="oc-255">
         <name>.text:memccpy</name>
         <load_address>0x7008</load_address>
         <run_address>0x7008</run_address>
         <size>0x2c</size>
         <input_file_ref idref="fl-e2"/>
      </object_component>
      <object_component id="oc-2ea">
         <name>.text:strchr</name>
         <load_address>0x7034</load_address>
         <run_address>0x7034</run_address>
         <size>0x28</size>
         <input_file_ref idref="fl-e3"/>
      </object_component>
      <object_component id="oc-25b">
         <name>.text:wcslen</name>
         <load_address>0x705c</load_address>
         <run_address>0x705c</run_address>
         <size>0x24</size>
         <input_file_ref idref="fl-e7"/>
      </object_component>
      <object_component id="oc-56">
         <name>.text:decompress:ZI:__TI_zero_init_nomemset:__TI_zero_init_nomemset</name>
         <load_address>0x7080</load_address>
         <run_address>0x7080</run_address>
         <size>0x20</size>
         <input_file_ref idref="fl-d6"/>
      </object_component>
      <object_component id="oc-117">
         <name>.text:strlen</name>
         <load_address>0x70a0</load_address>
         <run_address>0x70a0</run_address>
         <size>0x20</size>
         <input_file_ref idref="fl-dc"/>
      </object_component>
      <object_component id="oc-327">
         <name>.text:copysign</name>
         <load_address>0x70c0</load_address>
         <run_address>0x70c0</run_address>
         <size>0x1c</size>
         <input_file_ref idref="fl-ea"/>
      </object_component>
      <object_component id="oc-1d4">
         <name>.text:_outc</name>
         <load_address>0x70dc</load_address>
         <run_address>0x70dc</run_address>
         <size>0x14</size>
         <input_file_ref idref="fl-db"/>
      </object_component>
      <object_component id="oc-12">
         <name>.text:decompress:none:__TI_decompress_none</name>
         <load_address>0x70f0</load_address>
         <run_address>0x70f0</run_address>
         <size>0x14</size>
         <input_file_ref idref="fl-d7"/>
      </object_component>
      <object_component id="oc-261">
         <name>.text:__aeabi_errno_addr</name>
         <load_address>0x7104</load_address>
         <run_address>0x7104</run_address>
         <size>0xc</size>
         <input_file_ref idref="fl-e4"/>
      </object_component>
      <object_component id="oc-139">
         <name>.text:abort:abort</name>
         <load_address>0x7110</load_address>
         <run_address>0x7110</run_address>
         <size>0x8</size>
         <input_file_ref idref="fl-d9"/>
      </object_component>
      <object_component id="oc-2d">
         <name>.text:retain</name>
         <load_address>0x7118</load_address>
         <run_address>0x7118</run_address>
         <size>0x4</size>
         <input_file_ref idref="fl-11"/>
      </object_component>
      <object_component id="oc-1e8">
         <name>.text</name>
         <load_address>0x711c</load_address>
         <run_address>0x711c</run_address>
         <size>0x4</size>
         <input_file_ref idref="fl-dd"/>
      </object_component>
      <object_component id="oc-25">
         <name>.const:s_vim_init</name>
         <load_address>0x7120</load_address>
         <run_address>0x7120</run_address>
         <size>0x200</size>
         <input_file_ref idref="fl-15"/>
      </object_component>
      <object_component id="oc-2ad">
         <name>.const:.string:_ctypes_</name>
         <load_address>0x7320</load_address>
         <run_address>0x7320</run_address>
         <size>0x101</size>
         <input_file_ref idref="fl-e0"/>
      </object_component>
      <object_component id="oc-12f">
         <name>.const:.string:$P$T0$1</name>
         <load_address>0x7421</load_address>
         <run_address>0x7421</run_address>
         <size>0x7</size>
         <input_file_ref idref="fl-e"/>
      </object_component>
      <object_component id="oc-132">
         <name>.const:.string:$P$T1$2</name>
         <load_address>0x7428</load_address>
         <run_address>0x7428</run_address>
         <size>0x1</size>
         <input_file_ref idref="fl-e"/>
      </object_component>
      <object_component id="oc-135">
         <name>.const:.string:$P$T2$3</name>
         <load_address>0x7429</load_address>
         <run_address>0x7429</run_address>
         <size>0x1</size>
         <input_file_ref idref="fl-e"/>
      </object_component>
      <object_component id="oc-375">
         <name>__TI_handler_table</name>
         <load_address>0x7440</load_address>
         <run_address>0x7440</run_address>
         <size>0xc</size>
      </object_component>
      <object_component id="oc-377">
         <name>.cinit..bss.load</name>
         <load_address>0x7450</load_address>
         <run_address>0x7450</run_address>
         <size>0x8</size>
      </object_component>
      <object_component id="oc-378">
         <name>.cinit..data.load</name>
         <load_address>0x7458</load_address>
         <run_address>0x7458</run_address>
         <size>0x7</size>
      </object_component>
      <object_component id="oc-376">
         <name>__TI_cinit_table</name>
         <load_address>0x7460</load_address>
         <run_address>0x7460</run_address>
         <size>0x10</size>
      </object_component>
      <object_component id="oc-1e3">
         <name>.bss:g_i2cTransfer_t</name>
         <uninitialized>true</uninitialized>
         <run_address>0x8001550</run_address>
         <size>0x18</size>
         <input_file_ref idref="fl-6"/>
      </object_component>
      <object_component id="oc-1c3">
         <name>.bss:g_sciTransfer_t</name>
         <uninitialized>true</uninitialized>
         <run_address>0x8001500</run_address>
         <size>0x50</size>
         <input_file_ref idref="fl-a"/>
      </object_component>
      <object_component id="oc-12c">
         <name>.common:receives</name>
         <uninitialized>true</uninitialized>
         <run_address>0x800156c</run_address>
         <size>0x4</size>
      </object_component>
      <object_component id="oc-12e">
         <name>.common:flag</name>
         <uninitialized>true</uninitialized>
         <run_address>0x8001568</run_address>
         <size>0x4</size>
      </object_component>
      <object_component id="oc-128">
         <name>.common:bias_cnt</name>
         <uninitialized>true</uninitialized>
         <run_address>0x8001573</run_address>
         <size>0x1</size>
      </object_component>
      <object_component id="oc-12b">
         <name>.common:avr_cnt</name>
         <uninitialized>true</uninitialized>
         <run_address>0x8001572</run_address>
         <size>0x1</size>
      </object_component>
      <object_component id="oc-12d">
         <name>.common:avr_sum</name>
         <uninitialized>true</uninitialized>
         <run_address>0x8001570</run_address>
         <size>0x2</size>
      </object_component>
      <object_component id="oc-2fa">
         <name>.data</name>
         <load_address>0x8001574</load_address>
         <run_address>0x8001574</run_address>
         <size>0x4</size>
         <input_file_ref idref="fl-e4"/>
      </object_component>
      <object_component id="oc-179">
         <name>.debug_info</name>
         <load_address>0x0</load_address>
         <run_address>0x0</run_address>
         <size>0x373</size>
         <input_file_ref idref="fl-2"/>
      </object_component>
      <object_component id="oc-cd">
         <name>.debug_info</name>
         <load_address>0x373</load_address>
         <run_address>0x373</run_address>
         <size>0x429</size>
         <input_file_ref idref="fl-2"/>
      </object_component>
      <object_component id="oc-14c">
         <name>.debug_info</name>
         <load_address>0x79c</load_address>
         <run_address>0x79c</run_address>
         <size>0x26b</size>
         <input_file_ref idref="fl-2"/>
      </object_component>
      <object_component id="oc-88">
         <name>.debug_info</name>
         <load_address>0xa07</load_address>
         <run_address>0xa07</run_address>
         <size>0x157</size>
         <input_file_ref idref="fl-2"/>
      </object_component>
      <object_component id="oc-98">
         <name>.debug_info</name>
         <load_address>0xb5e</load_address>
         <run_address>0xb5e</run_address>
         <size>0x8b</size>
         <input_file_ref idref="fl-2"/>
      </object_component>
      <object_component id="oc-93">
         <name>.debug_info</name>
         <load_address>0xbe9</load_address>
         <run_address>0xbe9</run_address>
         <size>0x18c</size>
         <input_file_ref idref="fl-2"/>
      </object_component>
      <object_component id="oc-200">
         <name>.debug_info</name>
         <load_address>0xd75</load_address>
         <run_address>0xd75</run_address>
         <size>0x297</size>
         <input_file_ref idref="fl-2"/>
      </object_component>
      <object_component id="oc-145">
         <name>.debug_info</name>
         <load_address>0x100c</load_address>
         <run_address>0x100c</run_address>
         <size>0xbb</size>
         <input_file_ref idref="fl-2"/>
      </object_component>
      <object_component id="oc-9d">
         <name>.debug_info</name>
         <load_address>0x10c7</load_address>
         <run_address>0x10c7</run_address>
         <size>0x86</size>
         <input_file_ref idref="fl-2"/>
      </object_component>
      <object_component id="oc-151">
         <name>.debug_info</name>
         <load_address>0x114d</load_address>
         <run_address>0x114d</run_address>
         <size>0x102</size>
         <input_file_ref idref="fl-2"/>
      </object_component>
      <object_component id="oc-190">
         <name>.debug_info</name>
         <load_address>0x124f</load_address>
         <run_address>0x124f</run_address>
         <size>0x142</size>
         <input_file_ref idref="fl-2"/>
      </object_component>
      <object_component id="oc-156">
         <name>.debug_info</name>
         <load_address>0x1391</load_address>
         <run_address>0x1391</run_address>
         <size>0x285</size>
         <input_file_ref idref="fl-2"/>
      </object_component>
      <object_component id="oc-15b">
         <name>.debug_info</name>
         <load_address>0x1616</load_address>
         <run_address>0x1616</run_address>
         <size>0x44a</size>
         <input_file_ref idref="fl-2"/>
      </object_component>
      <object_component id="oc-160">
         <name>.debug_info</name>
         <load_address>0x1a60</load_address>
         <run_address>0x1a60</run_address>
         <size>0x1f9</size>
         <input_file_ref idref="fl-2"/>
      </object_component>
      <object_component id="oc-165">
         <name>.debug_info</name>
         <load_address>0x1c59</load_address>
         <run_address>0x1c59</run_address>
         <size>0x152</size>
         <input_file_ref idref="fl-2"/>
      </object_component>
      <object_component id="oc-16a">
         <name>.debug_info</name>
         <load_address>0x1dab</load_address>
         <run_address>0x1dab</run_address>
         <size>0x70a</size>
         <input_file_ref idref="fl-2"/>
      </object_component>
      <object_component id="oc-16f">
         <name>.debug_info</name>
         <load_address>0x24b5</load_address>
         <run_address>0x24b5</run_address>
         <size>0x36d</size>
         <input_file_ref idref="fl-2"/>
      </object_component>
      <object_component id="oc-d9">
         <name>.debug_info</name>
         <load_address>0x2822</load_address>
         <run_address>0x2822</run_address>
         <size>0x33f</size>
         <input_file_ref idref="fl-4"/>
      </object_component>
      <object_component id="oc-74">
         <name>.debug_info</name>
         <load_address>0x2b61</load_address>
         <run_address>0x2b61</run_address>
         <size>0x10b4</size>
         <input_file_ref idref="fl-4"/>
      </object_component>
      <object_component id="oc-20">
         <name>.debug_info</name>
         <load_address>0x3c15</load_address>
         <run_address>0x3c15</run_address>
         <size>0x19c</size>
         <input_file_ref idref="fl-4"/>
      </object_component>
      <object_component id="oc-d4">
         <name>.debug_info</name>
         <load_address>0x3db1</load_address>
         <run_address>0x3db1</run_address>
         <size>0x168</size>
         <input_file_ref idref="fl-4"/>
      </object_component>
      <object_component id="oc-1e7">
         <name>.debug_info</name>
         <load_address>0x3f19</load_address>
         <run_address>0x3f19</run_address>
         <size>0x2bd</size>
         <input_file_ref idref="fl-6"/>
      </object_component>
      <object_component id="oc-1e4">
         <name>.debug_info</name>
         <load_address>0x41d6</load_address>
         <run_address>0x41d6</run_address>
         <size>0xd9</size>
         <input_file_ref idref="fl-6"/>
      </object_component>
      <object_component id="oc-11e">
         <name>.debug_info</name>
         <load_address>0x42af</load_address>
         <run_address>0x42af</run_address>
         <size>0x1094</size>
         <input_file_ref idref="fl-6"/>
      </object_component>
      <object_component id="oc-27d">
         <name>.debug_info</name>
         <load_address>0x5343</load_address>
         <run_address>0x5343</run_address>
         <size>0x69</size>
         <input_file_ref idref="fl-6"/>
      </object_component>
      <object_component id="oc-195">
         <name>.debug_info</name>
         <load_address>0x53ac</load_address>
         <run_address>0x53ac</run_address>
         <size>0x26a</size>
         <input_file_ref idref="fl-6"/>
      </object_component>
      <object_component id="oc-282">
         <name>.debug_info</name>
         <load_address>0x5616</load_address>
         <run_address>0x5616</run_address>
         <size>0x34f</size>
         <input_file_ref idref="fl-6"/>
      </object_component>
      <object_component id="oc-c0">
         <name>.debug_info</name>
         <load_address>0x5965</load_address>
         <run_address>0x5965</run_address>
         <size>0x383</size>
         <input_file_ref idref="fl-8"/>
      </object_component>
      <object_component id="oc-68">
         <name>.debug_info</name>
         <load_address>0x5ce8</load_address>
         <run_address>0x5ce8</run_address>
         <size>0x77e</size>
         <input_file_ref idref="fl-8"/>
      </object_component>
      <object_component id="oc-18b">
         <name>.debug_info</name>
         <load_address>0x6466</load_address>
         <run_address>0x6466</run_address>
         <size>0xadd</size>
         <input_file_ref idref="fl-8"/>
      </object_component>
      <object_component id="oc-c1">
         <name>.debug_info</name>
         <load_address>0x6f43</load_address>
         <run_address>0x6f43</run_address>
         <size>0x6eb</size>
         <input_file_ref idref="fl-8"/>
      </object_component>
      <object_component id="oc-19a">
         <name>.debug_info</name>
         <load_address>0x762e</load_address>
         <run_address>0x762e</run_address>
         <size>0x243</size>
         <input_file_ref idref="fl-8"/>
      </object_component>
      <object_component id="oc-22c">
         <name>.debug_info</name>
         <load_address>0x7871</load_address>
         <run_address>0x7871</run_address>
         <size>0x18e</size>
         <input_file_ref idref="fl-8"/>
      </object_component>
      <object_component id="oc-208">
         <name>.debug_info</name>
         <load_address>0x79ff</load_address>
         <run_address>0x79ff</run_address>
         <size>0x2a6</size>
         <input_file_ref idref="fl-9"/>
      </object_component>
      <object_component id="oc-c7">
         <name>.debug_info</name>
         <load_address>0x7ca5</load_address>
         <run_address>0x7ca5</run_address>
         <size>0x110</size>
         <input_file_ref idref="fl-9"/>
      </object_component>
      <object_component id="oc-1a7">
         <name>.debug_info</name>
         <load_address>0x7db5</load_address>
         <run_address>0x7db5</run_address>
         <size>0x199</size>
         <input_file_ref idref="fl-9"/>
      </object_component>
      <object_component id="oc-1c7">
         <name>.debug_info</name>
         <load_address>0x7f4e</load_address>
         <run_address>0x7f4e</run_address>
         <size>0x2f1</size>
         <input_file_ref idref="fl-a"/>
      </object_component>
      <object_component id="oc-1c4">
         <name>.debug_info</name>
         <load_address>0x823f</load_address>
         <run_address>0x823f</run_address>
         <size>0xd9</size>
         <input_file_ref idref="fl-a"/>
      </object_component>
      <object_component id="oc-10c">
         <name>.debug_info</name>
         <load_address>0x8318</load_address>
         <run_address>0x8318</run_address>
         <size>0xc91</size>
         <input_file_ref idref="fl-a"/>
      </object_component>
      <object_component id="oc-227">
         <name>.debug_info</name>
         <load_address>0x8fa9</load_address>
         <run_address>0x8fa9</run_address>
         <size>0x91</size>
         <input_file_ref idref="fl-a"/>
      </object_component>
      <object_component id="oc-63">
         <name>.debug_info</name>
         <load_address>0x903a</load_address>
         <run_address>0x903a</run_address>
         <size>0x806</size>
         <input_file_ref idref="fl-b"/>
      </object_component>
      <object_component id="oc-29">
         <name>.debug_info</name>
         <load_address>0x9840</load_address>
         <run_address>0x9840</run_address>
         <size>0xfc</size>
         <input_file_ref idref="fl-d"/>
      </object_component>
      <object_component id="oc-129">
         <name>.debug_info</name>
         <load_address>0x993c</load_address>
         <run_address>0x993c</run_address>
         <size>0x71a</size>
         <input_file_ref idref="fl-e"/>
      </object_component>
      <object_component id="oc-130">
         <name>.debug_info</name>
         <load_address>0xa056</load_address>
         <run_address>0xa056</run_address>
         <size>0xce</size>
         <input_file_ref idref="fl-e"/>
      </object_component>
      <object_component id="oc-133">
         <name>.debug_info</name>
         <load_address>0xa124</load_address>
         <run_address>0xa124</run_address>
         <size>0xcf</size>
         <input_file_ref idref="fl-e"/>
      </object_component>
      <object_component id="oc-136">
         <name>.debug_info</name>
         <load_address>0xa1f3</load_address>
         <run_address>0xa1f3</run_address>
         <size>0xcf</size>
         <input_file_ref idref="fl-e"/>
      </object_component>
      <object_component id="oc-80">
         <name>.debug_info</name>
         <load_address>0xa2c2</load_address>
         <run_address>0xa2c2</run_address>
         <size>0xb9d</size>
         <input_file_ref idref="fl-e"/>
      </object_component>
      <object_component id="oc-181">
         <name>.debug_info</name>
         <load_address>0xae5f</load_address>
         <run_address>0xae5f</run_address>
         <size>0x2c</size>
         <input_file_ref idref="fl-e"/>
      </object_component>
      <object_component id="oc-1dc">
         <name>.debug_info</name>
         <load_address>0xae8b</load_address>
         <run_address>0xae8b</run_address>
         <size>0x2c</size>
         <input_file_ref idref="fl-e"/>
      </object_component>
      <object_component id="oc-7a">
         <name>.debug_info</name>
         <load_address>0xaeb7</load_address>
         <run_address>0xaeb7</run_address>
         <size>0x433</size>
         <input_file_ref idref="fl-f"/>
      </object_component>
      <object_component id="oc-207">
         <name>.debug_info</name>
         <load_address>0xb2ea</load_address>
         <run_address>0xb2ea</run_address>
         <size>0x2e7</size>
         <input_file_ref idref="fl-10"/>
      </object_component>
      <object_component id="oc-1a2">
         <name>.debug_info</name>
         <load_address>0xb5d1</load_address>
         <run_address>0xb5d1</run_address>
         <size>0x457</size>
         <input_file_ref idref="fl-10"/>
      </object_component>
      <object_component id="oc-2e">
         <name>.debug_info</name>
         <load_address>0xba28</load_address>
         <run_address>0xba28</run_address>
         <size>0x131</size>
         <input_file_ref idref="fl-11"/>
      </object_component>
      <object_component id="oc-1a">
         <name>.debug_info</name>
         <load_address>0xbb59</load_address>
         <run_address>0xbb59</run_address>
         <size>0x270</size>
         <input_file_ref idref="fl-14"/>
      </object_component>
      <object_component id="oc-8f">
         <name>.debug_info</name>
         <load_address>0xbdc9</load_address>
         <run_address>0xbdc9</run_address>
         <size>0x442</size>
         <input_file_ref idref="fl-15"/>
      </object_component>
      <object_component id="oc-26">
         <name>.debug_info</name>
         <load_address>0xc20b</load_address>
         <run_address>0xc20b</run_address>
         <size>0xd3</size>
         <input_file_ref idref="fl-15"/>
      </object_component>
      <object_component id="oc-35">
         <name>.debug_info</name>
         <load_address>0xc2de</load_address>
         <run_address>0xc2de</run_address>
         <size>0x483</size>
         <input_file_ref idref="fl-15"/>
      </object_component>
      <object_component id="oc-3a">
         <name>.debug_info</name>
         <load_address>0xc761</load_address>
         <run_address>0xc761</run_address>
         <size>0x1ee</size>
         <input_file_ref idref="fl-15"/>
      </object_component>
      <object_component id="oc-174">
         <name>.debug_info</name>
         <load_address>0xc94f</load_address>
         <run_address>0xc94f</run_address>
         <size>0x4f</size>
         <input_file_ref idref="fl-15"/>
      </object_component>
      <object_component id="oc-d2">
         <name>.debug_info</name>
         <load_address>0xc99e</load_address>
         <run_address>0xc99e</run_address>
         <size>0x3d5</size>
         <input_file_ref idref="fl-16"/>
      </object_component>
      <object_component id="oc-6e">
         <name>.debug_info</name>
         <load_address>0xcd73</load_address>
         <run_address>0xcd73</run_address>
         <size>0x583</size>
         <input_file_ref idref="fl-16"/>
      </object_component>
      <object_component id="oc-222">
         <name>.debug_info</name>
         <load_address>0xd2f6</load_address>
         <run_address>0xd2f6</run_address>
         <size>0x268</size>
         <input_file_ref idref="fl-d0"/>
      </object_component>
      <object_component id="oc-1be">
         <name>.debug_info</name>
         <load_address>0xd55e</load_address>
         <run_address>0xd55e</run_address>
         <size>0x179</size>
         <input_file_ref idref="fl-d0"/>
      </object_component>
      <object_component id="oc-45">
         <name>.debug_info</name>
         <load_address>0xd6d7</load_address>
         <run_address>0xd6d7</run_address>
         <size>0x84</size>
         <input_file_ref idref="fl-d0"/>
      </object_component>
      <object_component id="oc-2a6">
         <name>.debug_info</name>
         <load_address>0xd75b</load_address>
         <run_address>0xd75b</run_address>
         <size>0x46</size>
         <input_file_ref idref="fl-d0"/>
      </object_component>
      <object_component id="oc-21d">
         <name>.debug_info</name>
         <load_address>0xd7a1</load_address>
         <run_address>0xd7a1</run_address>
         <size>0x39</size>
         <input_file_ref idref="fl-d0"/>
      </object_component>
      <object_component id="oc-124">
         <name>.debug_info</name>
         <load_address>0xd7da</load_address>
         <run_address>0xd7da</run_address>
         <size>0x12b</size>
         <input_file_ref idref="fl-d1"/>
      </object_component>
      <object_component id="oc-4b">
         <name>.debug_info</name>
         <load_address>0xd905</load_address>
         <run_address>0xd905</run_address>
         <size>0x160</size>
         <input_file_ref idref="fl-d2"/>
      </object_component>
      <object_component id="oc-b9">
         <name>.debug_info</name>
         <load_address>0xda65</load_address>
         <run_address>0xda65</run_address>
         <size>0x128</size>
         <input_file_ref idref="fl-d3"/>
      </object_component>
      <object_component id="oc-1af">
         <name>.debug_info</name>
         <load_address>0xdb8d</load_address>
         <run_address>0xdb8d</run_address>
         <size>0x52b</size>
         <input_file_ref idref="fl-d4"/>
      </object_component>
      <object_component id="oc-de">
         <name>.debug_info</name>
         <load_address>0xe0b8</load_address>
         <run_address>0xe0b8</run_address>
         <size>0x17f</size>
         <input_file_ref idref="fl-d4"/>
      </object_component>
      <object_component id="oc-20b">
         <name>.debug_info</name>
         <load_address>0xe237</load_address>
         <run_address>0xe237</run_address>
         <size>0x39</size>
         <input_file_ref idref="fl-d4"/>
      </object_component>
      <object_component id="oc-29a">
         <name>.debug_info</name>
         <load_address>0xe270</load_address>
         <run_address>0xe270</run_address>
         <size>0x39</size>
         <input_file_ref idref="fl-d4"/>
      </object_component>
      <object_component id="oc-210">
         <name>.debug_info</name>
         <load_address>0xe2a9</load_address>
         <run_address>0xe2a9</run_address>
         <size>0x39</size>
         <input_file_ref idref="fl-d4"/>
      </object_component>
      <object_component id="oc-215">
         <name>.debug_info</name>
         <load_address>0xe2e2</load_address>
         <run_address>0xe2e2</run_address>
         <size>0xcd</size>
         <input_file_ref idref="fl-d4"/>
      </object_component>
      <object_component id="oc-b7">
         <name>.debug_info</name>
         <load_address>0xe3af</load_address>
         <run_address>0xe3af</run_address>
         <size>0x2f2</size>
         <input_file_ref idref="fl-d6"/>
      </object_component>
      <object_component id="oc-57">
         <name>.debug_info</name>
         <load_address>0xe6a1</load_address>
         <run_address>0xe6a1</run_address>
         <size>0x198</size>
         <input_file_ref idref="fl-d6"/>
      </object_component>
      <object_component id="oc-b2">
         <name>.debug_info</name>
         <load_address>0xe839</load_address>
         <run_address>0xe839</run_address>
         <size>0x46</size>
         <input_file_ref idref="fl-d6"/>
      </object_component>
      <object_component id="oc-55">
         <name>.debug_info</name>
         <load_address>0xe87f</load_address>
         <run_address>0xe87f</run_address>
         <size>0x27c</size>
         <input_file_ref idref="fl-d7"/>
      </object_component>
      <object_component id="oc-13">
         <name>.debug_info</name>
         <load_address>0xeafb</load_address>
         <run_address>0xeafb</run_address>
         <size>0x1ae</size>
         <input_file_ref idref="fl-d7"/>
      </object_component>
      <object_component id="oc-50">
         <name>.debug_info</name>
         <load_address>0xeca9</load_address>
         <run_address>0xeca9</run_address>
         <size>0x46</size>
         <input_file_ref idref="fl-d7"/>
      </object_component>
      <object_component id="oc-aa">
         <name>.debug_info</name>
         <load_address>0xecef</load_address>
         <run_address>0xecef</run_address>
         <size>0x2c</size>
         <input_file_ref idref="fl-d7"/>
      </object_component>
      <object_component id="oc-a8">
         <name>.debug_info</name>
         <load_address>0xed1b</load_address>
         <run_address>0xed1b</run_address>
         <size>0x277</size>
         <input_file_ref idref="fl-d8"/>
      </object_component>
      <object_component id="oc-d">
         <name>.debug_info</name>
         <load_address>0xef92</load_address>
         <run_address>0xef92</run_address>
         <size>0x229</size>
         <input_file_ref idref="fl-d8"/>
      </object_component>
      <object_component id="oc-40">
         <name>.debug_info</name>
         <load_address>0xf1bb</load_address>
         <run_address>0xf1bb</run_address>
         <size>0x60</size>
         <input_file_ref idref="fl-d8"/>
      </object_component>
      <object_component id="oc-17a">
         <name>.debug_info</name>
         <load_address>0xf21b</load_address>
         <run_address>0xf21b</run_address>
         <size>0x46</size>
         <input_file_ref idref="fl-d8"/>
      </object_component>
      <object_component id="oc-a3">
         <name>.debug_info</name>
         <load_address>0xf261</load_address>
         <run_address>0xf261</run_address>
         <size>0x39</size>
         <input_file_ref idref="fl-d8"/>
      </object_component>
      <object_component id="oc-13a">
         <name>.debug_info</name>
         <load_address>0xf29a</load_address>
         <run_address>0xf29a</run_address>
         <size>0xfb</size>
         <input_file_ref idref="fl-d9"/>
      </object_component>
      <object_component id="oc-1db">
         <name>.debug_info</name>
         <load_address>0xf395</load_address>
         <run_address>0xf395</run_address>
         <size>0x30c</size>
         <input_file_ref idref="fl-db"/>
      </object_component>
      <object_component id="oc-112">
         <name>.debug_info</name>
         <load_address>0xf6a1</load_address>
         <run_address>0xf6a1</run_address>
         <size>0x1aa</size>
         <input_file_ref idref="fl-db"/>
      </object_component>
      <object_component id="oc-1cf">
         <name>.debug_info</name>
         <load_address>0xf84b</load_address>
         <run_address>0xf84b</run_address>
         <size>0x171</size>
         <input_file_ref idref="fl-db"/>
      </object_component>
      <object_component id="oc-1d5">
         <name>.debug_info</name>
         <load_address>0xf9bc</load_address>
         <run_address>0xf9bc</run_address>
         <size>0x146</size>
         <input_file_ref idref="fl-db"/>
      </object_component>
      <object_component id="oc-301">
         <name>.debug_info</name>
         <load_address>0xfb02</load_address>
         <run_address>0xfb02</run_address>
         <size>0x2c</size>
         <input_file_ref idref="fl-db"/>
      </object_component>
      <object_component id="oc-1e2">
         <name>.debug_info</name>
         <load_address>0xfb2e</load_address>
         <run_address>0xfb2e</run_address>
         <size>0x268</size>
         <input_file_ref idref="fl-dc"/>
      </object_component>
      <object_component id="oc-118">
         <name>.debug_info</name>
         <load_address>0xfd96</load_address>
         <run_address>0xfd96</run_address>
         <size>0x1d6</size>
         <input_file_ref idref="fl-dc"/>
      </object_component>
      <object_component id="oc-1e9">
         <name>.debug_info</name>
         <load_address>0xff6c</load_address>
         <run_address>0xff6c</run_address>
         <size>0xf1</size>
         <input_file_ref idref="fl-dd"/>
      </object_component>
      <object_component id="oc-268">
         <name>.debug_info</name>
         <load_address>0x1005d</load_address>
         <run_address>0x1005d</run_address>
         <size>0x88a</size>
         <input_file_ref idref="fl-de"/>
      </object_component>
      <object_component id="oc-238">
         <name>.debug_info</name>
         <load_address>0x108e7</load_address>
         <run_address>0x108e7</run_address>
         <size>0x1f7</size>
         <input_file_ref idref="fl-de"/>
      </object_component>
      <object_component id="oc-2c4">
         <name>.debug_info</name>
         <load_address>0x10ade</load_address>
         <run_address>0x10ade</run_address>
         <size>0x18c</size>
         <input_file_ref idref="fl-de"/>
      </object_component>
      <object_component id="oc-2ca">
         <name>.debug_info</name>
         <load_address>0x10c6a</load_address>
         <run_address>0x10c6a</run_address>
         <size>0x1f4</size>
         <input_file_ref idref="fl-de"/>
      </object_component>
      <object_component id="oc-23e">
         <name>.debug_info</name>
         <load_address>0x10e5e</load_address>
         <run_address>0x10e5e</run_address>
         <size>0x2ad</size>
         <input_file_ref idref="fl-de"/>
      </object_component>
      <object_component id="oc-2d1">
         <name>.debug_info</name>
         <load_address>0x1110b</load_address>
         <run_address>0x1110b</run_address>
         <size>0x1fd</size>
         <input_file_ref idref="fl-de"/>
      </object_component>
      <object_component id="oc-2d7">
         <name>.debug_info</name>
         <load_address>0x11308</load_address>
         <run_address>0x11308</run_address>
         <size>0x1ee</size>
         <input_file_ref idref="fl-de"/>
      </object_component>
      <object_component id="oc-244">
         <name>.debug_info</name>
         <load_address>0x114f6</load_address>
         <run_address>0x114f6</run_address>
         <size>0x1ee</size>
         <input_file_ref idref="fl-de"/>
      </object_component>
      <object_component id="oc-24a">
         <name>.debug_info</name>
         <load_address>0x116e4</load_address>
         <run_address>0x116e4</run_address>
         <size>0x219</size>
         <input_file_ref idref="fl-de"/>
      </object_component>
      <object_component id="oc-250">
         <name>.debug_info</name>
         <load_address>0x118fd</load_address>
         <run_address>0x118fd</run_address>
         <size>0x332</size>
         <input_file_ref idref="fl-de"/>
      </object_component>
      <object_component id="oc-1c9">
         <name>.debug_info</name>
         <load_address>0x11c2f</load_address>
         <run_address>0x11c2f</run_address>
         <size>0x58b</size>
         <input_file_ref idref="fl-de"/>
      </object_component>
      <object_component id="oc-269">
         <name>.debug_info</name>
         <load_address>0x121ba</load_address>
         <run_address>0x121ba</run_address>
         <size>0x86</size>
         <input_file_ref idref="fl-de"/>
      </object_component>
      <object_component id="oc-306">
         <name>.debug_info</name>
         <load_address>0x12240</load_address>
         <run_address>0x12240</run_address>
         <size>0x39</size>
         <input_file_ref idref="fl-de"/>
      </object_component>
      <object_component id="oc-33e">
         <name>.debug_info</name>
         <load_address>0x12279</load_address>
         <run_address>0x12279</run_address>
         <size>0xb6</size>
         <input_file_ref idref="fl-de"/>
      </object_component>
      <object_component id="oc-30b">
         <name>.debug_info</name>
         <load_address>0x1232f</load_address>
         <run_address>0x1232f</run_address>
         <size>0x46</size>
         <input_file_ref idref="fl-de"/>
      </object_component>
      <object_component id="oc-26e">
         <name>.debug_info</name>
         <load_address>0x12375</load_address>
         <run_address>0x12375</run_address>
         <size>0x46</size>
         <input_file_ref idref="fl-de"/>
      </object_component>
      <object_component id="oc-2b1">
         <name>.debug_info</name>
         <load_address>0x123bb</load_address>
         <run_address>0x123bb</run_address>
         <size>0x292</size>
         <input_file_ref idref="fl-df"/>
      </object_component>
      <object_component id="oc-232">
         <name>.debug_info</name>
         <load_address>0x1264d</load_address>
         <run_address>0x1264d</run_address>
         <size>0x155</size>
         <input_file_ref idref="fl-df"/>
      </object_component>
      <object_component id="oc-315">
         <name>.debug_info</name>
         <load_address>0x127a2</load_address>
         <run_address>0x127a2</run_address>
         <size>0xd2</size>
         <input_file_ref idref="fl-e0"/>
      </object_component>
      <object_component id="oc-2ae">
         <name>.debug_info</name>
         <load_address>0x12874</load_address>
         <run_address>0x12874</run_address>
         <size>0xde</size>
         <input_file_ref idref="fl-e0"/>
      </object_component>
      <object_component id="oc-31b">
         <name>.debug_info</name>
         <load_address>0x12952</load_address>
         <run_address>0x12952</run_address>
         <size>0x274</size>
         <input_file_ref idref="fl-e1"/>
      </object_component>
      <object_component id="oc-2bf">
         <name>.debug_info</name>
         <load_address>0x12bc6</load_address>
         <run_address>0x12bc6</run_address>
         <size>0x1be</size>
         <input_file_ref idref="fl-e1"/>
      </object_component>
      <object_component id="oc-2f2">
         <name>.debug_info</name>
         <load_address>0x12d84</load_address>
         <run_address>0x12d84</run_address>
         <size>0x26f</size>
         <input_file_ref idref="fl-e2"/>
      </object_component>
      <object_component id="oc-256">
         <name>.debug_info</name>
         <load_address>0x12ff3</load_address>
         <run_address>0x12ff3</run_address>
         <size>0x18f</size>
         <input_file_ref idref="fl-e2"/>
      </object_component>
      <object_component id="oc-330">
         <name>.debug_info</name>
         <load_address>0x13182</load_address>
         <run_address>0x13182</run_address>
         <size>0x273</size>
         <input_file_ref idref="fl-e3"/>
      </object_component>
      <object_component id="oc-2eb">
         <name>.debug_info</name>
         <load_address>0x133f5</load_address>
         <run_address>0x133f5</run_address>
         <size>0x1f3</size>
         <input_file_ref idref="fl-e3"/>
      </object_component>
      <object_component id="oc-2fe">
         <name>.debug_info</name>
         <load_address>0x135e8</load_address>
         <run_address>0x135e8</run_address>
         <size>0x262</size>
         <input_file_ref idref="fl-e4"/>
      </object_component>
      <object_component id="oc-2fb">
         <name>.debug_info</name>
         <load_address>0x1384a</load_address>
         <run_address>0x1384a</run_address>
         <size>0xe7</size>
         <input_file_ref idref="fl-e4"/>
      </object_component>
      <object_component id="oc-262">
         <name>.debug_info</name>
         <load_address>0x13931</load_address>
         <run_address>0x13931</run_address>
         <size>0x127</size>
         <input_file_ref idref="fl-e4"/>
      </object_component>
      <object_component id="oc-321">
         <name>.debug_info</name>
         <load_address>0x13a58</load_address>
         <run_address>0x13a58</run_address>
         <size>0x273</size>
         <input_file_ref idref="fl-e5"/>
      </object_component>
      <object_component id="oc-2df">
         <name>.debug_info</name>
         <load_address>0x13ccb</load_address>
         <run_address>0x13ccb</run_address>
         <size>0x167</size>
         <input_file_ref idref="fl-e5"/>
      </object_component>
      <object_component id="oc-349">
         <name>.debug_info</name>
         <load_address>0x13e32</load_address>
         <run_address>0x13e32</run_address>
         <size>0x39</size>
         <input_file_ref idref="fl-e5"/>
      </object_component>
      <object_component id="oc-322">
         <name>.debug_info</name>
         <load_address>0x13e6b</load_address>
         <run_address>0x13e6b</run_address>
         <size>0x2c</size>
         <input_file_ref idref="fl-e5"/>
      </object_component>
      <object_component id="oc-32e">
         <name>.debug_info</name>
         <load_address>0x13e97</load_address>
         <run_address>0x13e97</run_address>
         <size>0x2d6</size>
         <input_file_ref idref="fl-e6"/>
      </object_component>
      <object_component id="oc-2e5">
         <name>.debug_info</name>
         <load_address>0x1416d</load_address>
         <run_address>0x1416d</run_address>
         <size>0x186</size>
         <input_file_ref idref="fl-e6"/>
      </object_component>
      <object_component id="oc-2f9">
         <name>.debug_info</name>
         <load_address>0x142f3</load_address>
         <run_address>0x142f3</run_address>
         <size>0x268</size>
         <input_file_ref idref="fl-e7"/>
      </object_component>
      <object_component id="oc-25c">
         <name>.debug_info</name>
         <load_address>0x1455b</load_address>
         <run_address>0x1455b</run_address>
         <size>0x133</size>
         <input_file_ref idref="fl-e7"/>
      </object_component>
      <object_component id="oc-333">
         <name>.debug_info</name>
         <load_address>0x1468e</load_address>
         <run_address>0x1468e</run_address>
         <size>0x46</size>
         <input_file_ref idref="fl-e7"/>
      </object_component>
      <object_component id="oc-2f4">
         <name>.debug_info</name>
         <load_address>0x146d4</load_address>
         <run_address>0x146d4</run_address>
         <size>0x39</size>
         <input_file_ref idref="fl-e7"/>
      </object_component>
      <object_component id="oc-2b8">
         <name>.debug_info</name>
         <load_address>0x1470d</load_address>
         <run_address>0x1470d</run_address>
         <size>0x12d</size>
         <input_file_ref idref="fl-e8"/>
      </object_component>
      <object_component id="oc-2b3">
         <name>.debug_info</name>
         <load_address>0x1483a</load_address>
         <run_address>0x1483a</run_address>
         <size>0x166</size>
         <input_file_ref idref="fl-e9"/>
      </object_component>
      <object_component id="oc-32a">
         <name>.debug_info</name>
         <load_address>0x149a0</load_address>
         <run_address>0x149a0</run_address>
         <size>0x13a</size>
         <input_file_ref idref="fl-ea"/>
      </object_component>
      <object_component id="oc-379">
         <name>.debug_info</name>
         <load_address>0x14ada</load_address>
         <run_address>0x14ada</run_address>
         <size>0x95</size>
      </object_component>
      <object_component id="oc-206">
         <name>.debug_line</name>
         <load_address>0x0</load_address>
         <run_address>0x0</run_address>
         <size>0x20</size>
         <input_file_ref idref="fl-2"/>
      </object_component>
      <object_component id="oc-d0">
         <name>.debug_line</name>
         <load_address>0x20</load_address>
         <run_address>0x20</run_address>
         <size>0x56</size>
         <input_file_ref idref="fl-2"/>
      </object_component>
      <object_component id="oc-14f">
         <name>.debug_line</name>
         <load_address>0x76</load_address>
         <run_address>0x76</run_address>
         <size>0x72</size>
         <input_file_ref idref="fl-2"/>
      </object_component>
      <object_component id="oc-8b">
         <name>.debug_line</name>
         <load_address>0xe8</load_address>
         <run_address>0xe8</run_address>
         <size>0x5c</size>
         <input_file_ref idref="fl-2"/>
      </object_component>
      <object_component id="oc-9b">
         <name>.debug_line</name>
         <load_address>0x144</load_address>
         <run_address>0x144</run_address>
         <size>0x20</size>
         <input_file_ref idref="fl-2"/>
      </object_component>
      <object_component id="oc-96">
         <name>.debug_line</name>
         <load_address>0x164</load_address>
         <run_address>0x164</run_address>
         <size>0x57</size>
         <input_file_ref idref="fl-2"/>
      </object_component>
      <object_component id="oc-203">
         <name>.debug_line</name>
         <load_address>0x1bb</load_address>
         <run_address>0x1bb</run_address>
         <size>0x76</size>
         <input_file_ref idref="fl-2"/>
      </object_component>
      <object_component id="oc-148">
         <name>.debug_line</name>
         <load_address>0x231</load_address>
         <run_address>0x231</run_address>
         <size>0x73</size>
         <input_file_ref idref="fl-2"/>
      </object_component>
      <object_component id="oc-a0">
         <name>.debug_line</name>
         <load_address>0x2a4</load_address>
         <run_address>0x2a4</run_address>
         <size>0x5a</size>
         <input_file_ref idref="fl-2"/>
      </object_component>
      <object_component id="oc-154">
         <name>.debug_line</name>
         <load_address>0x2fe</load_address>
         <run_address>0x2fe</run_address>
         <size>0x59</size>
         <input_file_ref idref="fl-2"/>
      </object_component>
      <object_component id="oc-193">
         <name>.debug_line</name>
         <load_address>0x357</load_address>
         <run_address>0x357</run_address>
         <size>0x57</size>
         <input_file_ref idref="fl-2"/>
      </object_component>
      <object_component id="oc-159">
         <name>.debug_line</name>
         <load_address>0x3ae</load_address>
         <run_address>0x3ae</run_address>
         <size>0x57</size>
         <input_file_ref idref="fl-2"/>
      </object_component>
      <object_component id="oc-15e">
         <name>.debug_line</name>
         <load_address>0x405</load_address>
         <run_address>0x405</run_address>
         <size>0x59</size>
         <input_file_ref idref="fl-2"/>
      </object_component>
      <object_component id="oc-163">
         <name>.debug_line</name>
         <load_address>0x45e</load_address>
         <run_address>0x45e</run_address>
         <size>0x57</size>
         <input_file_ref idref="fl-2"/>
      </object_component>
      <object_component id="oc-168">
         <name>.debug_line</name>
         <load_address>0x4b5</load_address>
         <run_address>0x4b5</run_address>
         <size>0x5a</size>
         <input_file_ref idref="fl-2"/>
      </object_component>
      <object_component id="oc-16d">
         <name>.debug_line</name>
         <load_address>0x50f</load_address>
         <run_address>0x50f</run_address>
         <size>0x5a</size>
         <input_file_ref idref="fl-2"/>
      </object_component>
      <object_component id="oc-172">
         <name>.debug_line</name>
         <load_address>0x569</load_address>
         <run_address>0x569</run_address>
         <size>0x57</size>
         <input_file_ref idref="fl-2"/>
      </object_component>
      <object_component id="oc-1ad">
         <name>.debug_line</name>
         <load_address>0x5c0</load_address>
         <run_address>0x5c0</run_address>
         <size>0x53</size>
         <input_file_ref idref="fl-4"/>
      </object_component>
      <object_component id="oc-77">
         <name>.debug_line</name>
         <load_address>0x613</load_address>
         <run_address>0x613</run_address>
         <size>0x365</size>
         <input_file_ref idref="fl-4"/>
      </object_component>
      <object_component id="oc-23">
         <name>.debug_line</name>
         <load_address>0x978</load_address>
         <run_address>0x978</run_address>
         <size>0x7c</size>
         <input_file_ref idref="fl-4"/>
      </object_component>
      <object_component id="oc-d7">
         <name>.debug_line</name>
         <load_address>0x9f4</load_address>
         <run_address>0x9f4</run_address>
         <size>0x53</size>
         <input_file_ref idref="fl-4"/>
      </object_component>
      <object_component id="oc-27c">
         <name>.debug_line</name>
         <load_address>0xa47</load_address>
         <run_address>0xa47</run_address>
         <size>0x20</size>
         <input_file_ref idref="fl-6"/>
      </object_component>
      <object_component id="oc-27a">
         <name>.debug_line</name>
         <load_address>0xa67</load_address>
         <run_address>0xa67</run_address>
         <size>0x36</size>
         <input_file_ref idref="fl-6"/>
      </object_component>
      <object_component id="oc-121">
         <name>.debug_line</name>
         <load_address>0xa9d</load_address>
         <run_address>0xa9d</run_address>
         <size>0x3a3</size>
         <input_file_ref idref="fl-6"/>
      </object_component>
      <object_component id="oc-280">
         <name>.debug_line</name>
         <load_address>0xe40</load_address>
         <run_address>0xe40</run_address>
         <size>0x36</size>
         <input_file_ref idref="fl-6"/>
      </object_component>
      <object_component id="oc-198">
         <name>.debug_line</name>
         <load_address>0xe76</load_address>
         <run_address>0xe76</run_address>
         <size>0x57</size>
         <input_file_ref idref="fl-6"/>
      </object_component>
      <object_component id="oc-285">
         <name>.debug_line</name>
         <load_address>0xecd</load_address>
         <run_address>0xecd</run_address>
         <size>0x53</size>
         <input_file_ref idref="fl-6"/>
      </object_component>
      <object_component id="oc-18a">
         <name>.debug_line</name>
         <load_address>0xf20</load_address>
         <run_address>0xf20</run_address>
         <size>0x20</size>
         <input_file_ref idref="fl-8"/>
      </object_component>
      <object_component id="oc-6b">
         <name>.debug_line</name>
         <load_address>0xf40</load_address>
         <run_address>0xf40</run_address>
         <size>0x103</size>
         <input_file_ref idref="fl-8"/>
      </object_component>
      <object_component id="oc-18e">
         <name>.debug_line</name>
         <load_address>0x1043</load_address>
         <run_address>0x1043</run_address>
         <size>0x57</size>
         <input_file_ref idref="fl-8"/>
      </object_component>
      <object_component id="oc-c4">
         <name>.debug_line</name>
         <load_address>0x109a</load_address>
         <run_address>0x109a</run_address>
         <size>0x57</size>
         <input_file_ref idref="fl-8"/>
      </object_component>
      <object_component id="oc-19d">
         <name>.debug_line</name>
         <load_address>0x10f1</load_address>
         <run_address>0x10f1</run_address>
         <size>0x57</size>
         <input_file_ref idref="fl-8"/>
      </object_component>
      <object_component id="oc-22f">
         <name>.debug_line</name>
         <load_address>0x1148</load_address>
         <run_address>0x1148</run_address>
         <size>0x53</size>
         <input_file_ref idref="fl-8"/>
      </object_component>
      <object_component id="oc-299">
         <name>.debug_line</name>
         <load_address>0x119b</load_address>
         <run_address>0x119b</run_address>
         <size>0x20</size>
         <input_file_ref idref="fl-9"/>
      </object_component>
      <object_component id="oc-ca">
         <name>.debug_line</name>
         <load_address>0x11bb</load_address>
         <run_address>0x11bb</run_address>
         <size>0xdc</size>
         <input_file_ref idref="fl-9"/>
      </object_component>
      <object_component id="oc-1aa">
         <name>.debug_line</name>
         <load_address>0x1297</load_address>
         <run_address>0x1297</run_address>
         <size>0x5a</size>
         <input_file_ref idref="fl-9"/>
      </object_component>
      <object_component id="oc-226">
         <name>.debug_line</name>
         <load_address>0x12f1</load_address>
         <run_address>0x12f1</run_address>
         <size>0x6c</size>
         <input_file_ref idref="fl-a"/>
      </object_component>
      <object_component id="oc-224">
         <name>.debug_line</name>
         <load_address>0x135d</load_address>
         <run_address>0x135d</run_address>
         <size>0x36</size>
         <input_file_ref idref="fl-a"/>
      </object_component>
      <object_component id="oc-10f">
         <name>.debug_line</name>
         <load_address>0x1393</load_address>
         <run_address>0x1393</run_address>
         <size>0x2c0</size>
         <input_file_ref idref="fl-a"/>
      </object_component>
      <object_component id="oc-22a">
         <name>.debug_line</name>
         <load_address>0x1653</load_address>
         <run_address>0x1653</run_address>
         <size>0x36</size>
         <input_file_ref idref="fl-a"/>
      </object_component>
      <object_component id="oc-66">
         <name>.debug_line</name>
         <load_address>0x1689</load_address>
         <run_address>0x1689</run_address>
         <size>0x2f2</size>
         <input_file_ref idref="fl-b"/>
      </object_component>
      <object_component id="oc-2c">
         <name>.debug_line</name>
         <load_address>0x197b</load_address>
         <run_address>0x197b</run_address>
         <size>0x52</size>
         <input_file_ref idref="fl-d"/>
      </object_component>
      <object_component id="oc-1ef">
         <name>.debug_line</name>
         <load_address>0x19cd</load_address>
         <run_address>0x19cd</run_address>
         <size>0x13c</size>
         <input_file_ref idref="fl-e"/>
      </object_component>
      <object_component id="oc-1f1">
         <name>.debug_line</name>
         <load_address>0x1b09</load_address>
         <run_address>0x1b09</run_address>
         <size>0x3b</size>
         <input_file_ref idref="fl-e"/>
      </object_component>
      <object_component id="oc-1f3">
         <name>.debug_line</name>
         <load_address>0x1b44</load_address>
         <run_address>0x1b44</run_address>
         <size>0x3b</size>
         <input_file_ref idref="fl-e"/>
      </object_component>
      <object_component id="oc-1f5">
         <name>.debug_line</name>
         <load_address>0x1b7f</load_address>
         <run_address>0x1b7f</run_address>
         <size>0x3b</size>
         <input_file_ref idref="fl-e"/>
      </object_component>
      <object_component id="oc-83">
         <name>.debug_line</name>
         <load_address>0x1bba</load_address>
         <run_address>0x1bba</run_address>
         <size>0x1d6</size>
         <input_file_ref idref="fl-e"/>
      </object_component>
      <object_component id="oc-184">
         <name>.debug_line</name>
         <load_address>0x1d90</load_address>
         <run_address>0x1d90</run_address>
         <size>0x6e</size>
         <input_file_ref idref="fl-e"/>
      </object_component>
      <object_component id="oc-1df">
         <name>.debug_line</name>
         <load_address>0x1dfe</load_address>
         <run_address>0x1dfe</run_address>
         <size>0x6e</size>
         <input_file_ref idref="fl-e"/>
      </object_component>
      <object_component id="oc-7d">
         <name>.debug_line</name>
         <load_address>0x1e6c</load_address>
         <run_address>0x1e6c</run_address>
         <size>0x1f3</size>
         <input_file_ref idref="fl-f"/>
      </object_component>
      <object_component id="oc-297">
         <name>.debug_line</name>
         <load_address>0x205f</load_address>
         <run_address>0x205f</run_address>
         <size>0x20</size>
         <input_file_ref idref="fl-10"/>
      </object_component>
      <object_component id="oc-1a5">
         <name>.debug_line</name>
         <load_address>0x207f</load_address>
         <run_address>0x207f</run_address>
         <size>0x57</size>
         <input_file_ref idref="fl-10"/>
      </object_component>
      <object_component id="oc-31">
         <name>.debug_line</name>
         <load_address>0x20d6</load_address>
         <run_address>0x20d6</run_address>
         <size>0x4e</size>
         <input_file_ref idref="fl-11"/>
      </object_component>
      <object_component id="oc-1d">
         <name>.debug_line</name>
         <load_address>0x2124</load_address>
         <run_address>0x2124</run_address>
         <size>0x7b</size>
         <input_file_ref idref="fl-14"/>
      </object_component>
      <object_component id="oc-14b">
         <name>.debug_line</name>
         <load_address>0x219f</load_address>
         <run_address>0x219f</run_address>
         <size>0x8a</size>
         <input_file_ref idref="fl-15"/>
      </object_component>
      <object_component id="oc-8e">
         <name>.debug_line</name>
         <load_address>0x2229</load_address>
         <run_address>0x2229</run_address>
         <size>0x3a</size>
         <input_file_ref idref="fl-15"/>
      </object_component>
      <object_component id="oc-38">
         <name>.debug_line</name>
         <load_address>0x2263</load_address>
         <run_address>0x2263</run_address>
         <size>0x1b2</size>
         <input_file_ref idref="fl-15"/>
      </object_component>
      <object_component id="oc-3d">
         <name>.debug_line</name>
         <load_address>0x2415</load_address>
         <run_address>0x2415</run_address>
         <size>0xbc</size>
         <input_file_ref idref="fl-15"/>
      </object_component>
      <object_component id="oc-177">
         <name>.debug_line</name>
         <load_address>0x24d1</load_address>
         <run_address>0x24d1</run_address>
         <size>0x3a</size>
         <input_file_ref idref="fl-15"/>
      </object_component>
      <object_component id="oc-1a1">
         <name>.debug_line</name>
         <load_address>0x250b</load_address>
         <run_address>0x250b</run_address>
         <size>0x8e</size>
         <input_file_ref idref="fl-16"/>
      </object_component>
      <object_component id="oc-71">
         <name>.debug_line</name>
         <load_address>0x2599</load_address>
         <run_address>0x2599</run_address>
         <size>0x21e</size>
         <input_file_ref idref="fl-16"/>
      </object_component>
      <object_component id="oc-2ac">
         <name>.debug_line</name>
         <load_address>0x27b7</load_address>
         <run_address>0x27b7</run_address>
         <size>0x20</size>
         <input_file_ref idref="fl-d0"/>
      </object_component>
      <object_component id="oc-1c1">
         <name>.debug_line</name>
         <load_address>0x27d7</load_address>
         <run_address>0x27d7</run_address>
         <size>0xc0</size>
         <input_file_ref idref="fl-d0"/>
      </object_component>
      <object_component id="oc-48">
         <name>.debug_line</name>
         <load_address>0x2897</load_address>
         <run_address>0x2897</run_address>
         <size>0x20</size>
         <input_file_ref idref="fl-d0"/>
      </object_component>
      <object_component id="oc-2a9">
         <name>.debug_line</name>
         <load_address>0x28b7</load_address>
         <run_address>0x28b7</run_address>
         <size>0x76</size>
         <input_file_ref idref="fl-d0"/>
      </object_component>
      <object_component id="oc-220">
         <name>.debug_line</name>
         <load_address>0x292d</load_address>
         <run_address>0x292d</run_address>
         <size>0x73</size>
         <input_file_ref idref="fl-d0"/>
      </object_component>
      <object_component id="oc-127">
         <name>.debug_line</name>
         <load_address>0x29a0</load_address>
[...]
         <value>0x3c74</value>
         <object_component_ref idref="oc-10b"/>
      </symbol>
      <symbol id="sm-2b5">
         <name>_iCacheInvalidate_</name>
         <value>0x5064</value>
         <object_component_ref idref="oc-62"/>
      </symbol>
      <symbol id="sm-2b6">
         <name>_disable_IRQ_interrupt_</name>
         <value>0x4ef4</value>
         <object_component_ref idref="oc-62"/>
      </symbol>
      <symbol id="sm-2b7">
         <name>_coreGetInstructionFaultAddress_</name>
         <value>0x4eb8</value>
         <object_component_ref idref="oc-62"/>
      </symbol>
      <symbol id="sm-2b8">
         <name>_coreGetDataFault_</name>
         <value>0x4e7c</value>
         <object_component_ref idref="oc-62"/>
      </symbol>
      <symbol id="sm-2b9">
         <name>_coreDisableEventBusExport_</name>
         <value>0x4e5c</value>
         <object_component_ref idref="oc-62"/>
      </symbol>
      <symbol id="sm-2ba">
         <name>_coreClearDataFaultAddress_</name>
         <value>0x4eac</value>
         <object_component_ref idref="oc-62"/>
      </symbol>
      <symbol id="sm-2bb">
         <name>__TI_PINIT_Base</name>
         <value>0x5078</value>
         <object_component_ref idref="oc-62"/>
      </symbol>
      <symbol id="sm-2bc">
         <name>_coreInitRegisters_</name>
         <value>0x4cbc</value>
         <object_component_ref idref="oc-62"/>
      </symbol>
      <symbol id="sm-2bd">
         <name>_coreClearInstructionFaultAddress_</name>
         <value>0x4ec0</value>
         <object_component_ref idref="oc-62"/>
      </symbol>
      <symbol id="sm-2be">
         <name>_coreClearDataFault_</name>
         <value>0x4e84</value>
         <object_component_ref idref="oc-62"/>
      </symbol>
      <symbol id="sm-2bf">
         <name>_coreGetAuxiliaryDataFault_</name>
         <value>0x4ecc</value>
         <object_component_ref idref="oc-62"/>
      </symbol>
      <symbol id="sm-2c0">
         <name>_enable_interrupt_</name>
         <value>0x4f04</value>
         <object_component_ref idref="oc-62"/>
      </symbol>
      <symbol id="sm-2c1">
         <name>_coreClearAuxiliaryInstructionFault_</name>
         <value>0x4ee8</value>
         <object_component_ref idref="oc-62"/>
      </symbol>
      <symbol id="sm-2c2">
         <name>_memInit_</name>
         <value>0x4f94</value>
         <object_component_ref idref="oc-62"/>
      </symbol>
      <symbol id="sm-2c3">
         <name>_dCacheInvalidate_</name>
         <value>0x5050</value>
         <object_component_ref idref="oc-62"/>
      </symbol>
      <symbol id="sm-2c4">
         <name>_coreGetDataFaultAddress_</name>
         <value>0x4ea4</value>
         <object_component_ref idref="oc-62"/>
      </symbol>
      <symbol id="sm-2c5">
         <name>_coreClearInstructionFault_</name>
         <value>0x4e98</value>
         <object_component_ref idref="oc-62"/>
      </symbol>
      <symbol id="sm-2c6">
         <name>_getCPSRValue_</name>
         <value>0x4e14</value>
         <object_component_ref idref="oc-62"/>
      </symbol>
      <symbol id="sm-2c7">
         <name>_cacheDisable_</name>
         <value>0x502c</value>
         <object_component_ref idref="oc-62"/>
      </symbol>
      <symbol id="sm-2c8">
         <name>_enable_IRQ_interrupt_</name>
         <value>0x4efc</value>
         <object_component_ref idref="oc-62"/>
      </symbol>
      <symbol id="sm-2c9">
         <name>__TI_PINIT_Limit</name>
         <value>0x507c</value>
         <object_component_ref idref="oc-62"/>
      </symbol>
      <symbol id="sm-2ca">
         <name>_coreGetAuxiliaryInstructionFault_</name>
         <value>0x4ee0</value>
         <object_component_ref idref="oc-62"/>
      </symbol>
      <symbol id="sm-2cb">
         <name>_coreInitStackPointer_</name>
         <value>0x4dc8</value>
         <object_component_ref idref="oc-62"/>
      </symbol>
      <symbol id="sm-2cc">
         <name>_esmCcmErrorsClear_</name>
         <value>0x4f0c</value>
         <object_component_ref idref="oc-62"/>
      </symbol>
      <symbol id="sm-2cd">
         <name>_gotoCPUIdle_</name>
         <value>0x4e1c</value>
         <object_component_ref idref="oc-62"/>
      </symbol>
      <symbol id="sm-2ce">
         <name>_coreEnableIrqVicOffset_</name>
         <value>0x4e6c</value>
         <object_component_ref idref="oc-62"/>
      </symbol>
      <symbol id="sm-2cf">
         <name>_coreGetInstructionFault_</name>
         <value>0x4e90</value>
         <object_component_ref idref="oc-62"/>
      </symbol>
      <symbol id="sm-2d0">
         <name>_cacheEnable_</name>
         <value>0x4fe8</value>
         <object_component_ref idref="oc-62"/>
      </symbol>
      <symbol id="sm-2d1">
         <name>_coreEnableVfp_</name>
         <value>0x4e34</value>
         <object_component_ref idref="oc-62"/>
      </symbol>
      <symbol id="sm-2d2">
         <name>_coreClearAuxiliaryDataFault_</name>
         <value>0x4ed4</value>
         <object_component_ref idref="oc-62"/>
      </symbol>
      <symbol id="sm-2d3">
         <name>_coreEnableEventBusExport_</name>
         <value>0x4e4c</value>
         <object_component_ref idref="oc-62"/>
      </symbol>
      <symbol id="sm-2d4">
         <name>_checkMemInitOn_</name>
         <value>0x4fc8</value>
         <object_component_ref idref="oc-62"/>
      </symbol>
      <symbol id="sm-2e2">
         <name>resetEntry</name>
         <value>0x0</value>
         <object_component_ref idref="oc-28"/>
      </symbol>
      <symbol id="sm-33d">
         <name>receives</name>
         <value>0x800156c</value>
      </symbol>
      <symbol id="sm-33e">
         <name>flag</name>
         <value>0x8001568</value>
      </symbol>
      <symbol id="sm-33f">
         <name>bias_cnt</name>
         <value>0x8001573</value>
      </symbol>
      <symbol id="sm-340">
         <name>avr_cnt</name>
         <value>0x8001572</value>
      </symbol>
      <symbol id="sm-341">
         <name>avr_sum</name>
         <value>0x8001570</value>
      </symbol>
      <symbol id="sm-342">
         <name>lidar_without_bias</name>
         <value>0x4bac</value>
         <object_component_ref idref="oc-7f"/>
      </symbol>
      <symbol id="sm-343">
         <name>main</name>
         <value>0x46ec</value>
         <object_component_ref idref="oc-7f"/>
      </symbol>
      <symbol id="sm-344">
         <name>sci_display</name>
         <value>0x4638</value>
         <object_component_ref idref="oc-7f"/>
      </symbol>
      <symbol id="sm-345">
         <name>lidar_enable</name>
         <value>0x483c</value>
         <object_component_ref idref="oc-7f"/>
      </symbol>
      <symbol id="sm-346">
         <name>wait</name>
         <value>0x45f4</value>
         <object_component_ref idref="oc-7f"/>
      </symbol>
      <symbol id="sm-347">
         <name>lidar_bias</name>
         <value>0x4ae4</value>
         <object_component_ref idref="oc-7f"/>
      </symbol>
      <symbol id="sm-348">
         <name>get_data</name>
         <value>0x499c</value>
         <object_component_ref idref="oc-7f"/>
      </symbol>
      <symbol id="sm-349">
         <name>disp_set</name>
         <value>0x4698</value>
         <object_component_ref idref="oc-7f"/>
      </symbol>
      <symbol id="sm-364">
         <name>_mpuSetRegionBaseAddress_</name>
         <value>0x53b0</value>
         <object_component_ref idref="oc-79"/>
      </symbol>
      <symbol id="sm-365">
         <name>_mpuInit_</name>
         <value>0x5080</value>
         <object_component_ref idref="oc-79"/>
      </symbol>
      <symbol id="sm-366">
         <name>_mpuSetRegionSizeRegister_</name>
         <value>0x53e4</value>
         <object_component_ref idref="oc-79"/>
      </symbol>
      <symbol id="sm-367">
         <name>_mpuDisableBackgroundRegion_</name>
         <value>0x5378</value>
         <object_component_ref idref="oc-79"/>
      </symbol>
      <symbol id="sm-368">
         <name>_mpuSetRegionTypeAndPermission_</name>
         <value>0x53c0</value>
         <object_component_ref idref="oc-79"/>
      </symbol>
      <symbol id="sm-369">
         <name>_mpuGetRegionPermission_</name>
         <value>0x53d8</value>
         <object_component_ref idref="oc-79"/>
      </symbol>
      <symbol id="sm-36a">
         <name>_mpuEnable_</name>
         <value>0x5338</value>
         <object_component_ref idref="oc-79"/>
      </symbol>
      <symbol id="sm-36b">
         <name>_mpuGetNumberOfRegions_</name>
         <value>0x5388</value>
         <object_component_ref idref="oc-79"/>
      </symbol>
      <symbol id="sm-36c">
         <name>_mpuAreRegionsSeparate_</name>
         <value>0x5394</value>
         <object_component_ref idref="oc-79"/>
      </symbol>
      <symbol id="sm-36d">
         <name>_mpuEnableBackgroundRegion_</name>
         <value>0x5368</value>
         <object_component_ref idref="oc-79"/>
      </symbol>
      <symbol id="sm-36e">
         <name>_mpuGetRegionType_</name>
         <value>0x53cc</value>
         <object_component_ref idref="oc-79"/>
      </symbol>
      <symbol id="sm-36f">
         <name>_mpuDisable_</name>
         <value>0x5350</value>
         <object_component_ref idref="oc-79"/>
      </symbol>
      <symbol id="sm-370">
         <name>_mpuGetRegionBaseAddress_</name>
         <value>0x53b8</value>
         <object_component_ref idref="oc-79"/>
      </symbol>
      <symbol id="sm-371">
         <name>_mpuSetRegion_</name>
         <value>0x53a0</value>
         <object_component_ref idref="oc-79"/>
      </symbol>
      <symbol id="sm-372">
         <name>_mpuGetRegion_</name>
         <value>0x53a8</value>
         <object_component_ref idref="oc-79"/>
      </symbol>
      <symbol id="sm-385">
         <name>phantomInterrupt</name>
         <value>0x7118</value>
         <object_component_ref idref="oc-2d"/>
      </symbol>
      <symbol id="sm-399">
         <name>_c_int00</name>
         <value>0x68d8</value>
         <object_component_ref idref="oc-19"/>
      </symbol>
      <symbol id="sm-43c">
         <name>vimChannelMap</name>
         <value>0x2d94</value>
         <object_component_ref idref="oc-34"/>
      </symbol>
      <symbol id="sm-43d">
         <name>vimInit</name>
         <value>0x2cc0</value>
         <object_component_ref idref="oc-34"/>
      </symbol>
      <symbol id="sm-43e">
         <name>vimEnableInterrupt</name>
         <value>0x2e38</value>
         <object_component_ref idref="oc-34"/>
      </symbol>
      <symbol id="sm-43f">
         <name>vimDisableInterrupt</name>
         <value>0x3000</value>
         <object_component_ref idref="oc-34"/>
      </symbol>
      <symbol id="sm-440">
         <name>vimGetConfigValue</name>
         <value>0x30ac</value>
         <object_component_ref idref="oc-34"/>
      </symbol>
      <symbol id="sm-441">
         <name>vimECCErrorHandler</name>
         <value>0x53ec</value>
         <object_component_ref idref="oc-33"/>
      </symbol>
      <symbol id="sm-48f">
         <name>systemGetConfigValue</name>
         <value>0x27f8</value>
         <object_component_ref idref="oc-6d"/>
      </symbol>
      <symbol id="sm-490">
         <name>trimLPO</name>
         <value>0x23c4</value>
         <object_component_ref idref="oc-6d"/>
      </symbol>
      <symbol id="sm-491">
         <name>systemInit</name>
         <value>0x262c</value>
         <object_component_ref idref="oc-6d"/>
      </symbol>
      <symbol id="sm-492">
         <name>periphInit</name>
         <value>0x244c</value>
         <object_component_ref idref="oc-6d"/>
      </symbol>
      <symbol id="sm-493">
         <name>setupFlash</name>
         <value>0x240c</value>
         <object_component_ref idref="oc-6d"/>
      </symbol>
      <symbol id="sm-494">
         <name>setupPLL</name>
         <value>0x2364</value>
         <object_component_ref idref="oc-6d"/>
      </symbol>
      <symbol id="sm-495">
         <name>getResetSource</name>
         <value>0x26d0</value>
         <object_component_ref idref="oc-6d"/>
      </symbol>
      <symbol id="sm-496">
         <name>mapClocks</name>
         <value>0x2500</value>
         <object_component_ref idref="oc-6d"/>
      </symbol>
      <symbol id="sm-497">
         <name>systemPowerDown</name>
         <value>0x26a0</value>
         <object_component_ref idref="oc-6d"/>
      </symbol>
      <symbol id="sm-4c0">
         <name>floorl</name>
         <value>0x649c</value>
         <object_component_ref idref="oc-1bd"/>
      </symbol>
      <symbol id="sm-4c1">
         <name>floor</name>
         <value>0x649c</value>
         <object_component_ref idref="oc-1bd"/>
      </symbol>
      <symbol id="sm-4cd">
         <name>__aeabi_idivmod</name>
         <value>0x6f34</value>
         <object_component_ref idref="oc-123"/>
      </symbol>
      <symbol id="sm-4ce">
         <name>__aeabi_idiv</name>
         <value>0x6f34</value>
         <object_component_ref idref="oc-123"/>
      </symbol>
      <symbol id="sm-4e7">
         <name>memcpy</name>
         <value>0x5f04</value>
         <object_component_ref idref="oc-4a"/>
      </symbol>
      <symbol id="sm-4e8">
         <name>__aeabi_memcpy</name>
         <value>0x5f04</value>
         <object_component_ref idref="oc-4a"/>
      </symbol>
      <symbol id="sm-4e9">
         <name>__aeabi_memcpy8</name>
         <value>0x5f04</value>
         <object_component_ref idref="oc-4a"/>
      </symbol>
      <symbol id="sm-4ea">
         <name>__aeabi_memcpy4</name>
         <value>0x5f04</value>
         <object_component_ref idref="oc-4a"/>
      </symbol>
      <symbol id="sm-4f9">
         <name>__aeabi_memset</name>
         <value>0x6990</value>
         <object_component_ref idref="oc-b8"/>
      </symbol>
      <symbol id="sm-4fa">
         <name>memset</name>
         <value>0x699c</value>
         <object_component_ref idref="oc-b8"/>
      </symbol>
      <symbol id="sm-4fb">
         <name>__aeabi_memset8</name>
         <value>0x6990</value>
         <object_component_ref idref="oc-b8"/>
      </symbol>
      <symbol id="sm-4fc">
         <name>__aeabi_memset4</name>
         <value>0x6990</value>
         <object_component_ref idref="oc-b8"/>
      </symbol>
      <symbol id="sm-4fd">
         <name>__aeabi_memclr8</name>
         <value>0x698c</value>
         <object_component_ref idref="oc-b8"/>
      </symbol>
      <symbol id="sm-4fe">
         <name>__aeabi_memclr4</name>
         <value>0x698c</value>
         <object_component_ref idref="oc-b8"/>
      </symbol>
      <symbol id="sm-4ff">
         <name>__aeabi_memclr</name>
         <value>0x698c</value>
         <object_component_ref idref="oc-b8"/>
      </symbol>
      <symbol id="sm-527">
         <name>__TI_auto_init_nobinit_nopinit</name>
         <value>0x6e04</value>
         <object_component_ref idref="oc-db"/>
      </symbol>
      <symbol id="sm-53b">
         <name>__TI_zero_init_nomemset</name>
         <value>0x7080</value>
         <object_component_ref idref="oc-56"/>
      </symbol>
      <symbol id="sm-552">
         <name>__TI_decompress_none</name>
         <value>0x70f0</value>
         <object_component_ref idref="oc-12"/>
      </symbol>
      <symbol id="sm-575">
         <name>__TI_decompress_lzss</name>
         <value>0x6b70</value>
         <object_component_ref idref="oc-c"/>
      </symbol>
      <symbol id="sm-580">
         <name>C$$EXIT</name>
         <value>0x7110</value>
         <object_component_ref idref="oc-139"/>
      </symbol>
      <symbol id="sm-581">
         <name>abort</name>
         <value>0x7110</value>
         <object_component_ref idref="oc-139"/>
      </symbol>
      <symbol id="sm-5a9">
         <name>sprintf</name>
         <value>0x6ed0</value>
         <object_component_ref idref="oc-111"/>
      </symbol>
      <symbol id="sm-5b7">
         <name>strlen</name>
         <value>0x70a0</value>
         <object_component_ref idref="oc-117"/>
      </symbol>
      <symbol id="sm-5c1">
         <name>__aeabi_idiv0</name>
         <value>0x711c</value>
         <object_component_ref idref="oc-1e8"/>
      </symbol>
      <symbol id="sm-5c2">
         <name>__aeabi_ldiv0</name>
         <value>0x711c</value>
         <object_component_ref idref="oc-1e8"/>
      </symbol>
      <symbol id="sm-707">
         <name>__TI_printfi</name>
         <value>0x20</value>
         <object_component_ref idref="oc-1c8"/>
      </symbol>
      <symbol id="sm-71a">
         <name>atoi</name>
         <value>0x6c8c</value>
         <object_component_ref idref="oc-231"/>
      </symbol>
      <symbol id="sm-725">
         <name>_ctypes_</name>
         <value>0x7320</value>
         <object_component_ref idref="oc-2ad"/>
      </symbol>
      <symbol id="sm-733">
         <name>ltoa</name>
         <value>0x6d10</value>
         <object_component_ref idref="oc-2bd"/>
      </symbol>
      <symbol id="sm-742">
         <name>memccpy</name>
         <value>0x7008</value>
         <object_component_ref idref="oc-255"/>
      </symbol>
      <symbol id="sm-750">
         <name>strchr</name>
         <value>0x7034</value>
         <object_component_ref idref="oc-2ea"/>
      </symbol>
      <symbol id="sm-766">
         <name>__aeabi_errno_addr</name>
         <value>0x7104</value>
         <object_component_ref idref="oc-261"/>
      </symbol>
      <symbol id="sm-767">
         <name>errno</name>
         <value>0x8001574</value>
         <object_component_ref idref="oc-2fa"/>
      </symbol>
      <symbol id="sm-784">
         <name>frexpl</name>
         <value>0x6c00</value>
         <object_component_ref idref="oc-2de"/>
      </symbol>
      <symbol id="sm-785">
         <name>frexp</name>
         <value>0x6c00</value>
         <object_component_ref idref="oc-2de"/>
      </symbol>
      <symbol id="sm-79f">
         <name>scalbn</name>
         <value>0x65d8</value>
         <object_component_ref idref="oc-2e4"/>
      </symbol>
      <symbol id="sm-7a0">
         <name>scalbnl</name>
         <value>0x65d8</value>
         <object_component_ref idref="oc-2e4"/>
      </symbol>
      <symbol id="sm-7a1">
         <name>ldexpl</name>
         <value>0x65d8</value>
         <object_component_ref idref="oc-2e4"/>
      </symbol>
      <symbol id="sm-7a2">
         <name>ldexp</name>
         <value>0x65d8</value>
         <object_component_ref idref="oc-2e4"/>
      </symbol>
      <symbol id="sm-7ba">
         <name>wcslen</name>
         <value>0x705c</value>
         <object_component_ref idref="oc-25b"/>
      </symbol>
      <symbol id="sm-7c6">
         <name>__aeabi_uidivmod</name>
         <value>0x6f88</value>
         <object_component_ref idref="oc-2b7"/>
      </symbol>
      <symbol id="sm-7c7">
         <name>__aeabi_uidiv</name>
         <value>0x6f88</value>
         <object_component_ref idref="oc-2b7"/>
      </symbol>
      <symbol id="sm-7e3">
         <name>__aeabi_uldivmod</name>
         <value>0x5a04</value>
         <object_component_ref idref="oc-2b2"/>
      </symbol>
      <symbol id="sm-7ed">
         <name>copysign</name>
         <value>0x70c0</value>
         <object_component_ref idref="oc-327"/>
      </symbol>
      <symbol id="sm-7ee">
         <name>copysignl</name>
         <value>0x70c0</value>
         <object_component_ref idref="oc-327"/>
      </symbol>
      <symbol id="sm-7ef">
         <name>__TI_static_base__</name>
         <value>0x0</value>
      </symbol>
      <symbol id="sm-7f2">
         <name>SHT$$INIT_ARRAY$$Base</name>
         <value>0x0</value>
      </symbol>
      <symbol id="sm-7f3">
         <name>SHT$$INIT_ARRAY$$Limit</name>
         <value>0x0</value>
      </symbol>
      <symbol id="sm-7f4">
         <name>_system_post_cinit</name>
         <value>0x0</value>
      </symbol>
   </symbol_table>
   <title>Link successful</title>
</link_info>
