<?xml version="1.0" encoding="ISO-8859-1" ?>
<link_info>
   <banner>TI ARM Linker Unix v18.1.4.LTS</banner>
   <copyright>Copyright (c) 1996-2018 Texas Instruments Incorporated</copyright>
   <link_time>0x5c407c03</link_time>
   <link_errors>0x0</link_errors>
   <output_file>tms570_adc_uart.out</output_file>
   <entry_point>
      <name>_c_int00</name>
      <address>0x4dd0</address>
   </entry_point>
   <input_file_list>
      <input_file id="fl-2">
         <path>./source/</path>
         <kind>object</kind>
         <file>HL_adc.obj</file>
         <name>HL_adc.obj</name>
      </input_file>
      <input_file id="fl-3">
         <path>./source/</path>
         <kind>object</kind>
         <file>HL_epc.obj</file>
         <name>HL_epc.obj</name>
      </input_file>
      <input_file id="fl-4">
         <path>./source/</path>
         <kind>object</kind>
         <file>HL_errata.obj</file>
         <name>HL_errata.obj</name>
      </input_file>
      <input_file id="fl-5">
         <path>./source/</path>
         <kind>object</kind>
         <file>HL_esm.obj</file>
         <name>HL_esm.obj</name>
      </input_file>
      <input_file id="fl-6">
         <path>./source/</path>
         <kind>object</kind>
         <file>HL_gio.obj</file>
         <name>HL_gio.obj</name>
      </input_file>
      <input_file id="fl-7">
         <path>./source/</path>
         <kind>object</kind>
         <file>HL_nmpu.obj</file>
         <name>HL_nmpu.obj</name>
      </input_file>
      <input_file id="fl-8">
         <path>./source/</path>
         <kind>object</kind>
         <file>HL_notification.obj</file>
         <name>HL_notification.obj</name>
      </input_file>
      <input_file id="fl-9">
         <path>./source/</path>
         <kind>object</kind>
         <file>HL_pinmux.obj</file>
         <name>HL_pinmux.obj</name>
      </input_file>
      <input_file id="fl-a">
         <path>./source/</path>
         <kind>object</kind>
         <file>HL_sci.obj</file>
         <name>HL_sci.obj</name>
      </input_file>
      <input_file id="fl-b">
         <path>./source/</path>
         <kind>object</kind>
         <file>HL_sys_core.obj</file>
         <name>HL_sys_core.obj</name>
      </input_file>
      <input_file id="fl-c">
         <path>./source/</path>
         <kind>object</kind>
         <file>HL_sys_dma.obj</file>
         <name>HL_sys_dma.obj</name>
      </input_file>
      <input_file id="fl-d">
         <path>./source/</path>
         <kind>object</kind>
         <file>HL_sys_intvecs.obj</file>
         <name>HL_sys_intvecs.obj</name>
      </input_file>
      <input_file id="fl-e">
         <path>./source/</path>
         <kind>object</kind>
         <file>HL_sys_main.obj</file>
         <name>HL_sys_main.obj</name>
      </input_file>
      <input_file id="fl-f">
         <path>./source/</path>
         <kind>object</kind>
         <file>HL_sys_mpu.obj</file>
         <name>HL_sys_mpu.obj</name>
      </input_file>
      <input_file id="fl-10">
         <path>./source/</path>
         <kind>object</kind>
         <file>HL_sys_pcr.obj</file>
         <name>HL_sys_pcr.obj</name>
      </input_file>
      <input_file id="fl-11">
         <path>./source/</path>
         <kind>object</kind>
         <file>HL_sys_phantom.obj</file>
         <name>HL_sys_phantom.obj</name>
      </input_file>
      <input_file id="fl-12">
         <path>./source/</path>
         <kind>object</kind>
         <file>HL_sys_pmm.obj</file>
         <name>HL_sys_pmm.obj</name>
      </input_file>
      <input_file id="fl-13">
         <path>./source/</path>
         <kind>object</kind>
         <file>HL_sys_pmu.obj</file>
         <name>HL_sys_pmu.obj</name>
      </input_file>
      <input_file id="fl-14">
         <path>./source/</path>
         <kind>object</kind>
         <file>HL_sys_startup.obj</file>
         <name>HL_sys_startup.obj</name>
      </input_file>
      <input_file id="fl-15">
         <path>./source/</path>
         <kind>object</kind>
         <file>HL_sys_vim.obj</file>
         <name>HL_sys_vim.obj</name>
      </input_file>
      <input_file id="fl-16">
         <path>./source/</path>
         <kind>object</kind>
         <file>HL_system.obj</file>
         <name>HL_system.obj</name>
      </input_file>
      <input_file id="fl-1a">
         <kind>object</kind>
         <file>&lt;internal&gt;</file>
         <name>&lt;internal&gt;</name>
      </input_file>
      <input_file id="fl-d0">
         <path>/home/leedh/ti/ccsv8/tools/compiler/ti-cgt-arm_18.1.4.LTS/lib/</path>
         <kind>archive</kind>
         <file>rtsv7R4_A_be_v3D16_eabi.lib</file>
         <name>s_floor.c.obj</name>
      </input_file>
      <input_file id="fl-d1">
         <path>/home/leedh/ti/ccsv8/tools/compiler/ti-cgt-arm_18.1.4.LTS/lib/</path>
         <kind>archive</kind>
         <file>rtsv7R4_A_be_v3D16_eabi.lib</file>
         <name>memcpy32.asm.obj</name>
      </input_file>
      <input_file id="fl-d2">
         <path>/home/leedh/ti/ccsv8/tools/compiler/ti-cgt-arm_18.1.4.LTS/lib/</path>
         <kind>archive</kind>
         <file>rtsv7R4_A_be_v3D16_eabi.lib</file>
         <name>memset32.asm.obj</name>
      </input_file>
      <input_file id="fl-d3">
         <path>/home/leedh/ti/ccsv8/tools/compiler/ti-cgt-arm_18.1.4.LTS/lib/</path>
         <kind>archive</kind>
         <file>rtsv7R4_A_be_v3D16_eabi.lib</file>
         <name>autoinit.c.obj</name>
      </input_file>
      <input_file id="fl-d4">
         <path>/home/leedh/ti/ccsv8/tools/compiler/ti-cgt-arm_18.1.4.LTS/lib/</path>
         <kind>archive</kind>
         <file>rtsv7R4_A_be_v3D16_eabi.lib</file>
         <name>cpy_tbl.c.obj</name>
      </input_file>
      <input_file id="fl-d5">
         <path>/home/leedh/ti/ccsv8/tools/compiler/ti-cgt-arm_18.1.4.LTS/lib/</path>
         <kind>archive</kind>
         <file>rtsv7R4_A_be_v3D16_eabi.lib</file>
         <name>copy_zero_init.c.obj</name>
      </input_file>
      <input_file id="fl-d6">
         <path>/home/leedh/ti/ccsv8/tools/compiler/ti-cgt-arm_18.1.4.LTS/lib/</path>
         <kind>archive</kind>
         <file>rtsv7R4_A_be_v3D16_eabi.lib</file>
         <name>copy_decompress_none.c.obj</name>
      </input_file>
      <input_file id="fl-d7">
         <path>/home/leedh/ti/ccsv8/tools/compiler/ti-cgt-arm_18.1.4.LTS/lib/</path>
         <kind>archive</kind>
         <file>rtsv7R4_A_be_v3D16_eabi.lib</file>
         <name>copy_decompress_lzss.c.obj</name>
      </input_file>
      <input_file id="fl-d8">
         <path>/home/leedh/ti/ccsv8/tools/compiler/ti-cgt-arm_18.1.4.LTS/lib/</path>
         <kind>archive</kind>
         <file>rtsv7R4_A_be_v3D16_eabi.lib</file>
         <name>exit.c.obj</name>
      </input_file>
      <input_file id="fl-d9">
         <path>/home/leedh/ti/ccsv8/tools/compiler/ti-cgt-arm_18.1.4.LTS/lib/</path>
         <kind>archive</kind>
         <file>rtsv7R4_A_be_v3D16_eabi.lib</file>
         <name>_lock.c.obj</name>
      </input_file>
   </input_file_list>
   <object_component_list>
      <object_component id="oc-28">
         <name>.intvecs</name>
         <load_address>0x0</load_address>
         <run_address>0x0</run_address>
         <size>0x20</size>
         <input_file_ref idref="fl-d"/>
      </object_component>
      <object_component id="oc-117">
         <name>.text</name>
         <load_address>0x20</load_address>
         <run_address>0x20</run_address>
         <size>0xaec</size>
         <input_file_ref idref="fl-2"/>
      </object_component>
      <object_component id="oc-c6">
         <name>.text</name>
         <load_address>0xb0c</load_address>
         <run_address>0xb0c</run_address>
         <size>0x9c0</size>
         <input_file_ref idref="fl-9"/>
      </object_component>
      <object_component id="oc-6d">
         <name>.text</name>
         <load_address>0x14cc</load_address>
         <run_address>0x14cc</run_address>
         <size>0x95c</size>
         <input_file_ref idref="fl-16"/>
      </object_component>
      <object_component id="oc-34">
         <name>.text</name>
         <load_address>0x1e28</load_address>
         <run_address>0x1e28</run_address>
         <size>0x938</size>
         <input_file_ref idref="fl-15"/>
      </object_component>
      <object_component id="oc-111">
         <name>.text</name>
         <load_address>0x2760</load_address>
         <run_address>0x2760</run_address>
         <size>0x870</size>
         <input_file_ref idref="fl-a"/>
      </object_component>
      <object_component id="oc-73">
         <name>.text</name>
         <load_address>0x2fd0</load_address>
         <run_address>0x2fd0</run_address>
         <size>0x78c</size>
         <input_file_ref idref="fl-5"/>
      </object_component>
      <object_component id="oc-10b">
         <name>.text</name>
         <load_address>0x375c</load_address>
         <run_address>0x375c</run_address>
         <size>0x484</size>
         <input_file_ref idref="fl-6"/>
      </object_component>
      <object_component id="oc-62">
         <name>.text</name>
         <load_address>0x3be0</load_address>
         <run_address>0x3be0</run_address>
         <size>0x3c4</size>
         <input_file_ref idref="fl-b"/>
      </object_component>
      <object_component id="oc-79">
         <name>.text</name>
         <load_address>0x3fa4</load_address>
         <run_address>0x3fa4</run_address>
         <size>0x36c</size>
         <input_file_ref idref="fl-f"/>
      </object_component>
      <object_component id="oc-7f">
         <name>.text</name>
         <load_address>0x4310</load_address>
         <run_address>0x4310</run_address>
         <size>0x350</size>
         <input_file_ref idref="fl-e"/>
      </object_component>
      <object_component id="oc-33">
         <name>.text:retain</name>
         <load_address>0x4660</load_address>
         <run_address>0x4660</run_address>
         <size>0x33c</size>
         <input_file_ref idref="fl-15"/>
      </object_component>
      <object_component id="oc-4a">
         <name>.text</name>
         <load_address>0x499c</load_address>
         <run_address>0x499c</run_address>
         <size>0x180</size>
         <input_file_ref idref="fl-d1"/>
      </object_component>
      <object_component id="oc-1f">
         <name>.text:retain</name>
         <load_address>0x4b1c</load_address>
         <run_address>0x4b1c</run_address>
         <size>0x178</size>
         <input_file_ref idref="fl-5"/>
      </object_component>
      <object_component id="oc-1b0">
         <name>.text:floor</name>
         <load_address>0x4c94</load_address>
         <run_address>0x4c94</run_address>
         <size>0x13c</size>
         <input_file_ref idref="fl-d0"/>
      </object_component>
      <object_component id="oc-19">
         <name>.text:retain</name>
         <load_address>0x4dd0</load_address>
         <run_address>0x4dd0</run_address>
         <size>0xb4</size>
         <input_file_ref idref="fl-14"/>
      </object_component>
      <object_component id="oc-b8">
         <name>.text</name>
         <load_address>0x4e84</load_address>
         <run_address>0x4e84</run_address>
         <size>0xb0</size>
         <input_file_ref idref="fl-d2"/>
      </object_component>
      <object_component id="oc-67">
         <name>.text</name>
         <load_address>0x4f34</load_address>
         <run_address>0x4f34</run_address>
         <size>0x9c</size>
         <input_file_ref idref="fl-8"/>
      </object_component>
      <object_component id="oc-c">
         <name>.text:decompress:lzss:__TI_decompress_lzss</name>
         <load_address>0x4fd0</load_address>
         <run_address>0x4fd0</run_address>
         <size>0x90</size>
         <input_file_ref idref="fl-d7"/>
      </object_component>
      <object_component id="oc-db">
         <name>.text:__TI_auto_init_nobinit_nopinit:__TI_auto_init_nobinit_nopinit</name>
         <load_address>0x5060</load_address>
         <run_address>0x5060</run_address>
         <size>0x68</size>
         <input_file_ref idref="fl-d3"/>
      </object_component>
      <object_component id="oc-56">
         <name>.text:decompress:ZI:__TI_zero_init_nomemset:__TI_zero_init_nomemset</name>
         <load_address>0x50c8</load_address>
         <run_address>0x50c8</run_address>
         <size>0x20</size>
         <input_file_ref idref="fl-d5"/>
      </object_component>
      <object_component id="oc-12">
         <name>.text:decompress:none:__TI_decompress_none</name>
         <load_address>0x50e8</load_address>
         <run_address>0x50e8</run_address>
         <size>0x14</size>
         <input_file_ref idref="fl-d6"/>
      </object_component>
      <object_component id="oc-12a">
         <name>.text:abort:abort</name>
         <load_address>0x50fc</load_address>
         <run_address>0x50fc</run_address>
         <size>0x8</size>
         <input_file_ref idref="fl-d8"/>
      </object_component>
      <object_component id="oc-2d">
         <name>.text:retain</name>
         <load_address>0x5104</load_address>
         <run_address>0x5104</run_address>
         <size>0x4</size>
         <input_file_ref idref="fl-11"/>
      </object_component>
      <object_component id="oc-25">
         <name>.const:s_vim_init</name>
         <load_address>0x5120</load_address>
         <run_address>0x5120</run_address>
         <size>0x200</size>
         <input_file_ref idref="fl-15"/>
      </object_component>
      <object_component id="oc-1bb">
         <name>.const:s_adcFiFoSize</name>
         <load_address>0x5320</load_address>
         <run_address>0x5320</run_address>
         <size>0x18</size>
         <input_file_ref idref="fl-2"/>
      </object_component>
      <object_component id="oc-1be">
         <name>.const:s_adcSelect</name>
         <load_address>0x5338</load_address>
         <run_address>0x5338</run_address>
         <size>0x18</size>
         <input_file_ref idref="fl-2"/>
      </object_component>
      <object_component id="oc-126">
         <name>.const:.string:$P$T0$1</name>
         <load_address>0x5350</load_address>
         <run_address>0x5350</run_address>
         <size>0x8</size>
         <input_file_ref idref="fl-e"/>
      </object_component>
      <object_component id="oc-265">
         <name>.cinit..data.load</name>
         <load_address>0x5360</load_address>
         <run_address>0x5360</run_address>
         <size>0x1a</size>
      </object_component>
      <object_component id="oc-262">
         <name>__TI_handler_table</name>
         <load_address>0x537c</load_address>
         <run_address>0x537c</run_address>
         <size>0xc</size>
      </object_component>
      <object_component id="oc-264">
         <name>.cinit..bss.load</name>
         <load_address>0x5388</load_address>
         <run_address>0x5388</run_address>
         <size>0x8</size>
      </object_component>
      <object_component id="oc-263">
         <name>__TI_cinit_table</name>
         <load_address>0x5390</load_address>
         <run_address>0x5390</run_address>
         <size>0x10</size>
      </object_component>
      <object_component id="oc-1b6">
         <name>.bss:g_sciTransfer_t</name>
         <uninitialized>true</uninitialized>
         <run_address>0x8001500</run_address>
         <size>0x50</size>
         <input_file_ref idref="fl-a"/>
      </object_component>
      <object_component id="oc-11d">
         <name>.common:adc_data</name>
         <uninitialized>true</uninitialized>
         <run_address>0x8001550</run_address>
         <size>0x10</size>
      </object_component>
      <object_component id="oc-120">
         <name>.data:TXT1</name>
         <load_address>0x8001560</load_address>
         <run_address>0x8001560</run_address>
         <size>0xc</size>
         <input_file_ref idref="fl-e"/>
      </object_component>
      <object_component id="oc-123">
         <name>.data:TXT2</name>
         <load_address>0x800156c</load_address>
         <run_address>0x800156c</run_address>
         <size>0x9</size>
         <input_file_ref idref="fl-e"/>
      </object_component>
      <object_component id="oc-16a">
         <name>.debug_info</name>
         <load_address>0x0</load_address>
         <run_address>0x0</run_address>
         <size>0x31f</size>
         <input_file_ref idref="fl-2"/>
      </object_component>
      <object_component id="oc-1bf">
         <name>.debug_info</name>
         <load_address>0x31f</load_address>
         <run_address>0x31f</run_address>
         <size>0xd6</size>
         <input_file_ref idref="fl-2"/>
      </object_component>
      <object_component id="oc-1bc">
         <name>.debug_info</name>
         <load_address>0x3f5</load_address>
         <run_address>0x3f5</run_address>
         <size>0xdb</size>
         <input_file_ref idref="fl-2"/>
      </object_component>
      <object_component id="oc-118">
         <name>.debug_info</name>
         <load_address>0x4d0</load_address>
         <run_address>0x4d0</run_address>
         <size>0xba7</size>
         <input_file_ref idref="fl-2"/>
      </object_component>
      <object_component id="oc-17c">
         <name>.debug_info</name>
         <load_address>0x1077</load_address>
         <run_address>0x1077</run_address>
         <size>0x791</size>
         <input_file_ref idref="fl-2"/>
      </object_component>
      <object_component id="oc-13d">
         <name>.debug_info</name>
         <load_address>0x1808</load_address>
         <run_address>0x1808</run_address>
         <size>0x26b</size>
         <input_file_ref idref="fl-2"/>
      </object_component>
      <object_component id="oc-88">
         <name>.debug_info</name>
         <load_address>0x1a73</load_address>
         <run_address>0x1a73</run_address>
         <size>0x157</size>
         <input_file_ref idref="fl-2"/>
      </object_component>
      <object_component id="oc-98">
         <name>.debug_info</name>
         <load_address>0x1bca</load_address>
         <run_address>0x1bca</run_address>
         <size>0x8b</size>
         <input_file_ref idref="fl-2"/>
      </object_component>
      <object_component id="oc-93">
         <name>.debug_info</name>
         <load_address>0x1c55</load_address>
         <run_address>0x1c55</run_address>
         <size>0x18c</size>
         <input_file_ref idref="fl-2"/>
      </object_component>
      <object_component id="oc-1d9">
         <name>.debug_info</name>
         <load_address>0x1de1</load_address>
         <run_address>0x1de1</run_address>
         <size>0x297</size>
         <input_file_ref idref="fl-2"/>
      </object_component>
      <object_component id="oc-136">
         <name>.debug_info</name>
         <load_address>0x2078</load_address>
         <run_address>0x2078</run_address>
         <size>0xbb</size>
         <input_file_ref idref="fl-2"/>
      </object_component>
      <object_component id="oc-9d">
         <name>.debug_info</name>
         <load_address>0x2133</load_address>
         <run_address>0x2133</run_address>
         <size>0x86</size>
         <input_file_ref idref="fl-2"/>
      </object_component>
      <object_component id="oc-1c4">
         <name>.debug_info</name>
         <load_address>0x21b9</load_address>
         <run_address>0x21b9</run_address>
         <size>0x38f</size>
         <input_file_ref idref="fl-2"/>
      </object_component>
      <object_component id="oc-160">
         <name>.debug_info</name>
         <load_address>0x2548</load_address>
         <run_address>0x2548</run_address>
         <size>0x36d</size>
         <input_file_ref idref="fl-2"/>
      </object_component>
      <object_component id="oc-1de">
         <name>.debug_info</name>
         <load_address>0x28b5</load_address>
         <run_address>0x28b5</run_address>
         <size>0x378</size>
         <input_file_ref idref="fl-3"/>
      </object_component>
      <object_component id="oc-cd">
         <name>.debug_info</name>
         <load_address>0x2c2d</load_address>
         <run_address>0x2c2d</run_address>
         <size>0x429</size>
         <input_file_ref idref="fl-3"/>
      </object_component>
      <object_component id="oc-142">
         <name>.debug_info</name>
         <load_address>0x3056</load_address>
         <run_address>0x3056</run_address>
         <size>0x102</size>
         <input_file_ref idref="fl-3"/>
      </object_component>
      <object_component id="oc-186">
         <name>.debug_info</name>
         <load_address>0x3158</load_address>
         <run_address>0x3158</run_address>
         <size>0x142</size>
         <input_file_ref idref="fl-3"/>
      </object_component>
      <object_component id="oc-147">
         <name>.debug_info</name>
         <load_address>0x329a</load_address>
         <run_address>0x329a</run_address>
         <size>0x285</size>
         <input_file_ref idref="fl-3"/>
      </object_component>
      <object_component id="oc-14c">
         <name>.debug_info</name>
         <load_address>0x351f</load_address>
         <run_address>0x351f</run_address>
         <size>0x44a</size>
         <input_file_ref idref="fl-3"/>
      </object_component>
      <object_component id="oc-151">
         <name>.debug_info</name>
         <load_address>0x3969</load_address>
         <run_address>0x3969</run_address>
         <size>0x1f9</size>
         <input_file_ref idref="fl-3"/>
      </object_component>
      <object_component id="oc-156">
         <name>.debug_info</name>
         <load_address>0x3b62</load_address>
         <run_address>0x3b62</run_address>
         <size>0x152</size>
         <input_file_ref idref="fl-3"/>
      </object_component>
      <object_component id="oc-15b">
         <name>.debug_info</name>
         <load_address>0x3cb4</load_address>
         <run_address>0x3cb4</run_address>
         <size>0x70a</size>
         <input_file_ref idref="fl-3"/>
      </object_component>
      <object_component id="oc-d9">
         <name>.debug_info</name>
         <load_address>0x43be</load_address>
         <run_address>0x43be</run_address>
         <size>0x344</size>
         <input_file_ref idref="fl-5"/>
      </object_component>
      <object_component id="oc-74">
         <name>.debug_info</name>
         <load_address>0x4702</load_address>
         <run_address>0x4702</run_address>
         <size>0x10b9</size>
         <input_file_ref idref="fl-5"/>
      </object_component>
      <object_component id="oc-20">
         <name>.debug_info</name>
         <load_address>0x57bb</load_address>
         <run_address>0x57bb</run_address>
         <size>0x1a1</size>
         <input_file_ref idref="fl-5"/>
      </object_component>
      <object_component id="oc-d4">
         <name>.debug_info</name>
         <load_address>0x595c</load_address>
         <run_address>0x595c</run_address>
         <size>0x168</size>
         <input_file_ref idref="fl-5"/>
      </object_component>
      <object_component id="oc-1af">
         <name>.debug_info</name>
         <load_address>0x5ac4</load_address>
         <run_address>0x5ac4</run_address>
         <size>0x2a9</size>
         <input_file_ref idref="fl-6"/>
      </object_component>
      <object_component id="oc-10c">
         <name>.debug_info</name>
         <load_address>0x5d6d</load_address>
         <run_address>0x5d6d</run_address>
         <size>0x713</size>
         <input_file_ref idref="fl-6"/>
      </object_component>
      <object_component id="oc-1f8">
         <name>.debug_info</name>
         <load_address>0x6480</load_address>
         <run_address>0x6480</run_address>
         <size>0x12a</size>
         <input_file_ref idref="fl-6"/>
      </object_component>
      <object_component id="oc-c0">
         <name>.debug_info</name>
         <load_address>0x65aa</load_address>
         <run_address>0x65aa</run_address>
         <size>0x3a9</size>
         <input_file_ref idref="fl-8"/>
      </object_component>
      <object_component id="oc-68">
         <name>.debug_info</name>
         <load_address>0x6953</load_address>
         <run_address>0x6953</run_address>
         <size>0x783</size>
         <input_file_ref idref="fl-8"/>
      </object_component>
      <object_component id="oc-181">
         <name>.debug_info</name>
         <load_address>0x70d6</load_address>
         <run_address>0x70d6</run_address>
         <size>0xadd</size>
         <input_file_ref idref="fl-8"/>
      </object_component>
      <object_component id="oc-c1">
         <name>.debug_info</name>
         <load_address>0x7bb3</load_address>
         <run_address>0x7bb3</run_address>
         <size>0x6eb</size>
         <input_file_ref idref="fl-8"/>
      </object_component>
      <object_component id="oc-18b">
         <name>.debug_info</name>
         <load_address>0x829e</load_address>
         <run_address>0x829e</run_address>
         <size>0x243</size>
         <input_file_ref idref="fl-8"/>
      </object_component>
      <object_component id="oc-20d">
         <name>.debug_info</name>
         <load_address>0x84e1</load_address>
         <run_address>0x84e1</run_address>
         <size>0x18e</size>
         <input_file_ref idref="fl-8"/>
      </object_component>
      <object_component id="oc-1e2">
         <name>.debug_info</name>
         <load_address>0x866f</load_address>
         <run_address>0x866f</run_address>
         <size>0x2ab</size>
         <input_file_ref idref="fl-9"/>
      </object_component>
      <object_component id="oc-c7">
         <name>.debug_info</name>
         <load_address>0x891a</load_address>
         <run_address>0x891a</run_address>
         <size>0x115</size>
         <input_file_ref idref="fl-9"/>
      </object_component>
      <object_component id="oc-198">
         <name>.debug_info</name>
         <load_address>0x8a2f</load_address>
         <run_address>0x8a2f</run_address>
         <size>0x199</size>
         <input_file_ref idref="fl-9"/>
      </object_component>
      <object_component id="oc-1ba">
         <name>.debug_info</name>
         <load_address>0x8bc8</load_address>
         <run_address>0x8bc8</run_address>
         <size>0x2f6</size>
         <input_file_ref idref="fl-a"/>
      </object_component>
      <object_component id="oc-1b7">
         <name>.debug_info</name>
         <load_address>0x8ebe</load_address>
         <run_address>0x8ebe</run_address>
         <size>0xde</size>
         <input_file_ref idref="fl-a"/>
      </object_component>
      <object_component id="oc-112">
         <name>.debug_info</name>
         <load_address>0x8f9c</load_address>
         <run_address>0x8f9c</run_address>
         <size>0xc96</size>
         <input_file_ref idref="fl-a"/>
      </object_component>
      <object_component id="oc-208">
         <name>.debug_info</name>
         <load_address>0x9c32</load_address>
         <run_address>0x9c32</run_address>
         <size>0x91</size>
         <input_file_ref idref="fl-a"/>
      </object_component>
      <object_component id="oc-63">
         <name>.debug_info</name>
         <load_address>0x9cc3</load_address>
         <run_address>0x9cc3</run_address>
         <size>0x80b</size>
         <input_file_ref idref="fl-b"/>
      </object_component>
      <object_component id="oc-29">
         <name>.debug_info</name>
         <load_address>0xa4ce</load_address>
         <run_address>0xa4ce</run_address>
         <size>0x101</size>
         <input_file_ref idref="fl-d"/>
      </object_component>
      <object_component id="oc-11e">
         <name>.debug_info</name>
         <load_address>0xa5cf</load_address>
         <run_address>0xa5cf</run_address>
         <size>0x547</size>
         <input_file_ref idref="fl-e"/>
      </object_component>
      <object_component id="oc-121">
         <name>.debug_info</name>
         <load_address>0xab16</load_address>
         <run_address>0xab16</run_address>
         <size>0xce</size>
         <input_file_ref idref="fl-e"/>
      </object_component>
      <object_component id="oc-124">
         <name>.debug_info</name>
         <load_address>0xabe4</load_address>
         <run_address>0xabe4</run_address>
         <size>0xce</size>
         <input_file_ref idref="fl-e"/>
      </object_component>
      <object_component id="oc-127">
         <name>.debug_info</name>
         <load_address>0xacb2</load_address>
         <run_address>0xacb2</run_address>
         <size>0xd3</size>
         <input_file_ref idref="fl-e"/>
      </object_component>
      <object_component id="oc-80">
         <name>.debug_info</name>
         <load_address>0xad85</load_address>
         <run_address>0xad85</run_address>
         <size>0x4fa</size>
         <input_file_ref idref="fl-e"/>
      </object_component>
      <object_component id="oc-7a">
         <name>.debug_info</name>
         <load_address>0xb27f</load_address>
         <run_address>0xb27f</run_address>
         <size>0x438</size>
         <input_file_ref idref="fl-f"/>
      </object_component>
      <object_component id="oc-1e1">
         <name>.debug_info</name>
         <load_address>0xb6b7</load_address>
         <run_address>0xb6b7</run_address>
         <size>0x2ec</size>
         <input_file_ref idref="fl-10"/>
      </object_component>
      <object_component id="oc-193">
         <name>.debug_info</name>
         <load_address>0xb9a3</load_address>
         <run_address>0xb9a3</run_address>
         <size>0x457</size>
         <input_file_ref idref="fl-10"/>
      </object_component>
      <object_component id="oc-2e">
         <name>.debug_info</name>
         <load_address>0xbdfa</load_address>
         <run_address>0xbdfa</run_address>
         <size>0x136</size>
         <input_file_ref idref="fl-11"/>
      </object_component>
      <object_component id="oc-1a">
         <name>.debug_info</name>
         <load_address>0xbf30</load_address>
         <run_address>0xbf30</run_address>
         <size>0x275</size>
         <input_file_ref idref="fl-14"/>
      </object_component>
      <object_component id="oc-8f">
         <name>.debug_info</name>
         <load_address>0xc1a5</load_address>
         <run_address>0xc1a5</run_address>
         <size>0x447</size>
         <input_file_ref idref="fl-15"/>
      </object_component>
      <object_component id="oc-26">
         <name>.debug_info</name>
         <load_address>0xc5ec</load_address>
         <run_address>0xc5ec</run_address>
         <size>0xd8</size>
         <input_file_ref idref="fl-15"/>
      </object_component>
      <object_component id="oc-35">
         <name>.debug_info</name>
         <load_address>0xc6c4</load_address>
         <run_address>0xc6c4</run_address>
         <size>0x488</size>
         <input_file_ref idref="fl-15"/>
      </object_component>
      <object_component id="oc-3a">
         <name>.debug_info</name>
         <load_address>0xcb4c</load_address>
         <run_address>0xcb4c</run_address>
         <size>0x1f3</size>
         <input_file_ref idref="fl-15"/>
      </object_component>
      <object_component id="oc-165">
         <name>.debug_info</name>
         <load_address>0xcd3f</load_address>
         <run_address>0xcd3f</run_address>
         <size>0x4f</size>
         <input_file_ref idref="fl-15"/>
      </object_component>
      <object_component id="oc-d2">
         <name>.debug_info</name>
         <load_address>0xcd8e</load_address>
         <run_address>0xcd8e</run_address>
         <size>0x3da</size>
         <input_file_ref idref="fl-16"/>
      </object_component>
      <object_component id="oc-6e">
         <name>.debug_info</name>
         <load_address>0xd168</load_address>
         <run_address>0xd168</run_address>
         <size>0x588</size>
         <input_file_ref idref="fl-16"/>
      </object_component>
      <object_component id="oc-203">
         <name>.debug_info</name>
         <load_address>0xd6f0</load_address>
         <run_address>0xd6f0</run_address>
         <size>0x268</size>
         <input_file_ref idref="fl-d0"/>
      </object_component>
      <object_component id="oc-1b1">
         <name>.debug_info</name>
         <load_address>0xd958</load_address>
         <run_address>0xd958</run_address>
         <size>0x179</size>
         <input_file_ref idref="fl-d0"/>
      </object_component>
      <object_component id="oc-45">
         <name>.debug_info</name>
         <load_address>0xdad1</load_address>
         <run_address>0xdad1</run_address>
         <size>0x84</size>
         <input_file_ref idref="fl-d0"/>
      </object_component>
      <object_component id="oc-236">
         <name>.debug_info</name>
         <load_address>0xdb55</load_address>
         <run_address>0xdb55</run_address>
         <size>0x46</size>
         <input_file_ref idref="fl-d0"/>
      </object_component>
      <object_component id="oc-1fe">
         <name>.debug_info</name>
         <load_address>0xdb9b</load_address>
         <run_address>0xdb9b</run_address>
         <size>0x39</size>
         <input_file_ref idref="fl-d0"/>
      </object_component>
      <object_component id="oc-4b">
         <name>.debug_info</name>
         <load_address>0xdbd4</load_address>
         <run_address>0xdbd4</run_address>
         <size>0x160</size>
         <input_file_ref idref="fl-d1"/>
      </object_component>
      <object_component id="oc-b9">
         <name>.debug_info</name>
         <load_address>0xdd34</load_address>
         <run_address>0xdd34</run_address>
         <size>0x128</size>
         <input_file_ref idref="fl-d2"/>
      </object_component>
      <object_component id="oc-1a0">
         <name>.debug_info</name>
         <load_address>0xde5c</load_address>
         <run_address>0xde5c</run_address>
         <size>0x52b</size>
         <input_file_ref idref="fl-d3"/>
      </object_component>
      <object_component id="oc-dc">
         <name>.debug_info</name>
         <load_address>0xe387</load_address>
         <run_address>0xe387</run_address>
         <size>0x17f</size>
         <input_file_ref idref="fl-d3"/>
      </object_component>
      <object_component id="oc-1e5">
         <name>.debug_info</name>
         <load_address>0xe506</load_address>
         <run_address>0xe506</run_address>
         <size>0x39</size>
         <input_file_ref idref="fl-d3"/>
      </object_component>
      <object_component id="oc-22a">
         <name>.debug_info</name>
         <load_address>0xe53f</load_address>
         <run_address>0xe53f</run_address>
         <size>0x39</size>
         <input_file_ref idref="fl-d3"/>
      </object_component>
      <object_component id="oc-1ea">
         <name>.debug_info</name>
         <load_address>0xe578</load_address>
         <run_address>0xe578</run_address>
         <size>0x39</size>
         <input_file_ref idref="fl-d3"/>
      </object_component>
      <object_component id="oc-1ef">
         <name>.debug_info</name>
         <load_address>0xe5b1</load_address>
         <run_address>0xe5b1</run_address>
         <size>0xcd</size>
         <input_file_ref idref="fl-d3"/>
      </object_component>
      <object_component id="oc-b7">
         <name>.debug_info</name>
         <load_address>0xe67e</load_address>
         <run_address>0xe67e</run_address>
         <size>0x2f2</size>
         <input_file_ref idref="fl-d5"/>
      </object_component>
      <object_component id="oc-57">
         <name>.debug_info</name>
         <load_address>0xe970</load_address>
         <run_address>0xe970</run_address>
         <size>0x198</size>
         <input_file_ref idref="fl-d5"/>
      </object_component>
      <object_component id="oc-b2">
         <name>.debug_info</name>
         <load_address>0xeb08</load_address>
         <run_address>0xeb08</run_address>
         <size>0x46</size>
         <input_file_ref idref="fl-d5"/>
      </object_component>
      <object_component id="oc-172">
         <name>.debug_info</name>
         <load_address>0xeb4e</load_address>
         <run_address>0xeb4e</run_address>
         <size>0x2c</size>
         <input_file_ref idref="fl-d5"/>
      </object_component>
      <object_component id="oc-55">
         <name>.debug_info</name>
         <load_address>0xeb7a</load_address>
         <run_address>0xeb7a</run_address>
         <size>0x27c</size>
         <input_file_ref idref="fl-d6"/>
      </object_component>
      <object_component id="oc-13">
         <name>.debug_info</name>
         <load_address>0xedf6</load_address>
         <run_address>0xedf6</run_address>
         <size>0x1ae</size>
         <input_file_ref idref="fl-d6"/>
      </object_component>
      <object_component id="oc-50">
         <name>.debug_info</name>
         <load_address>0xefa4</load_address>
         <run_address>0xefa4</run_address>
         <size>0x46</size>
         <input_file_ref idref="fl-d6"/>
      </object_component>
      <object_component id="oc-aa">
         <name>.debug_info</name>
         <load_address>0xefea</load_address>
         <run_address>0xefea</run_address>
         <size>0x2c</size>
         <input_file_ref idref="fl-d6"/>
      </object_component>
      <object_component id="oc-a8">
         <name>.debug_info</name>
         <load_address>0xf016</load_address>
         <run_address>0xf016</run_address>
         <size>0x277</size>
         <input_file_ref idref="fl-d7"/>
      </object_component>
      <object_component id="oc-d">
         <name>.debug_info</name>
         <load_address>0xf28d</load_address>
         <run_address>0xf28d</run_address>
         <size>0x229</size>
         <input_file_ref idref="fl-d7"/>
      </object_component>
      <object_component id="oc-40">
         <name>.debug_info</name>
         <load_address>0xf4b6</load_address>
         <run_address>0xf4b6</run_address>
         <size>0x60</size>
         <input_file_ref idref="fl-d7"/>
      </object_component>
      <object_component id="oc-16b">
         <name>.debug_info</name>
         <load_address>0xf516</load_address>
         <run_address>0xf516</run_address>
         <size>0x46</size>
         <input_file_ref idref="fl-d7"/>
      </object_component>
      <object_component id="oc-a3">
         <name>.debug_info</name>
         <load_address>0xf55c</load_address>
         <run_address>0xf55c</run_address>
         <size>0x39</size>
         <input_file_ref idref="fl-d7"/>
      </object_component>
      <object_component id="oc-12b">
         <name>.debug_info</name>
         <load_address>0xf595</load_address>
         <run_address>0xf595</run_address>
         <size>0xfb</size>
         <input_file_ref idref="fl-d8"/>
      </object_component>
      <object_component id="oc-266">
         <name>.debug_info</name>
         <load_address>0xf690</load_address>
         <run_address>0xf690</run_address>
         <size>0x9a</size>
      </object_component>
      <object_component id="oc-1e0">
         <name>.debug_line</name>
         <load_address>0x0</load_address>
         <run_address>0x0</run_address>
         <size>0x20</size>
         <input_file_ref idref="fl-2"/>
      </object_component>
      <object_component id="oc-215">
         <name>.debug_line</name>
         <load_address>0x20</load_address>
         <run_address>0x20</run_address>
         <size>0x36</size>
         <input_file_ref idref="fl-2"/>
      </object_component>
      <object_component id="oc-213">
         <name>.debug_line</name>
         <load_address>0x56</load_address>
         <run_address>0x56</run_address>
         <size>0x36</size>
         <input_file_ref idref="fl-2"/>
      </object_component>
      <object_component id="oc-11b">
         <name>.debug_line</name>
         <load_address>0x8c</load_address>
         <run_address>0x8c</run_address>
         <size>0x2e0</size>
         <input_file_ref idref="fl-2"/>
      </object_component>
      <object_component id="oc-17f">
         <name>.debug_line</name>
         <load_address>0x36c</load_address>
         <run_address>0x36c</run_address>
         <size>0x5c</size>
         <input_file_ref idref="fl-2"/>
      </object_component>
      <object_component id="oc-140">
         <name>.debug_line</name>
         <load_address>0x3c8</load_address>
         <run_address>0x3c8</run_address>
         <size>0x72</size>
         <input_file_ref idref="fl-2"/>
      </object_component>
      <object_component id="oc-8b">
         <name>.debug_line</name>
         <load_address>0x43a</load_address>
         <run_address>0x43a</run_address>
         <size>0x61</size>
         <input_file_ref idref="fl-2"/>
      </object_component>
      <object_component id="oc-9b">
         <name>.debug_line</name>
         <load_address>0x49b</load_address>
         <run_address>0x49b</run_address>
         <size>0x20</size>
         <input_file_ref idref="fl-2"/>
      </object_component>
      <object_component id="oc-96">
         <name>.debug_line</name>
         <load_address>0x4bb</load_address>
         <run_address>0x4bb</run_address>
         <size>0x5c</size>
         <input_file_ref idref="fl-2"/>
      </object_component>
      <object_component id="oc-1dc">
         <name>.debug_line</name>
         <load_address>0x517</load_address>
         <run_address>0x517</run_address>
         <size>0x76</size>
         <input_file_ref idref="fl-2"/>
      </object_component>
      <object_component id="oc-139">
         <name>.debug_line</name>
         <load_address>0x58d</load_address>
         <run_address>0x58d</run_address>
         <size>0x73</size>
         <input_file_ref idref="fl-2"/>
      </object_component>
      <object_component id="oc-a0">
         <name>.debug_line</name>
         <load_address>0x600</load_address>
         <run_address>0x600</run_address>
         <size>0x5f</size>
         <input_file_ref idref="fl-2"/>
      </object_component>
      <object_component id="oc-1c7">
         <name>.debug_line</name>
         <load_address>0x65f</load_address>
         <run_address>0x65f</run_address>
         <size>0x58</size>
         <input_file_ref idref="fl-2"/>
      </object_component>
      <object_component id="oc-163">
         <name>.debug_line</name>
         <load_address>0x6b7</load_address>
         <run_address>0x6b7</run_address>
         <size>0x5c</size>
         <input_file_ref idref="fl-2"/>
      </object_component>
      <object_component id="oc-225">
         <name>.debug_line</name>
         <load_address>0x713</load_address>
         <run_address>0x713</run_address>
         <size>0x20</size>
         <input_file_ref idref="fl-3"/>
      </object_component>
      <object_component id="oc-d0">
         <name>.debug_line</name>
         <load_address>0x733</load_address>
         <run_address>0x733</run_address>
         <size>0x5b</size>
         <input_file_ref idref="fl-3"/>
      </object_component>
      <object_component id="oc-145">
         <name>.debug_line</name>
         <load_address>0x78e</load_address>
         <run_address>0x78e</run_address>
         <size>0x5e</size>
         <input_file_ref idref="fl-3"/>
      </object_component>
      <object_component id="oc-189">
         <name>.debug_line</name>
         <load_address>0x7ec</load_address>
         <run_address>0x7ec</run_address>
         <size>0x5c</size>
         <input_file_ref idref="fl-3"/>
      </object_component>
      <object_component id="oc-14a">
         <name>.debug_line</name>
         <load_address>0x848</load_address>
         <run_address>0x848</run_address>
         <size>0x5c</size>
         <input_file_ref idref="fl-3"/>
      </object_component>
      <object_component id="oc-14f">
         <name>.debug_line</name>
         <load_address>0x8a4</load_address>
         <run_address>0x8a4</run_address>
         <size>0x5e</size>
         <input_file_ref idref="fl-3"/>
      </object_component>
      <object_component id="oc-154">
         <name>.debug_line</name>
         <load_address>0x902</load_address>
         <run_address>0x902</run_address>
         <size>0x5c</size>
         <input_file_ref idref="fl-3"/>
      </object_component>
      <object_component id="oc-159">
         <name>.debug_line</name>
         <load_address>0x95e</load_address>
         <run_address>0x95e</run_address>
         <size>0x5f</size>
         <input_file_ref idref="fl-3"/>
      </object_component>
      <object_component id="oc-15e">
         <name>.debug_line</name>
         <load_address>0x9bd</load_address>
         <run_address>0x9bd</run_address>
         <size>0x5f</size>
         <input_file_ref idref="fl-3"/>
      </object_component>
      <object_component id="oc-19e">
         <name>.debug_line</name>
         <load_address>0xa1c</load_address>
         <run_address>0xa1c</run_address>
         <size>0x58</size>
         <input_file_ref idref="fl-5"/>
      </object_component>
      <object_component id="oc-77">
         <name>.debug_line</name>
         <load_address>0xa74</load_address>
         <run_address>0xa74</run_address>
         <size>0x365</size>
         <input_file_ref idref="fl-5"/>
      </object_component>
      <object_component id="oc-23">
         <name>.debug_line</name>
         <load_address>0xdd9</load_address>
         <run_address>0xdd9</run_address>
         <size>0x7c</size>
         <input_file_ref idref="fl-5"/>
      </object_component>
      <object_component id="oc-d7">
         <name>.debug_line</name>
         <load_address>0xe55</load_address>
         <run_address>0xe55</run_address>
         <size>0x58</size>
         <input_file_ref idref="fl-5"/>
      </object_component>
      <object_component id="oc-1f7">
         <name>.debug_line</name>
         <load_address>0xead</load_address>
         <run_address>0xead</run_address>
         <size>0x20</size>
         <input_file_ref idref="fl-6"/>
      </object_component>
      <object_component id="oc-10f">
         <name>.debug_line</name>
         <load_address>0xecd</load_address>
         <run_address>0xecd</run_address>
         <size>0x199</size>
         <input_file_ref idref="fl-6"/>
      </object_component>
      <object_component id="oc-1fb">
         <name>.debug_line</name>
         <load_address>0x1066</load_address>
         <run_address>0x1066</run_address>
         <size>0x58</size>
         <input_file_ref idref="fl-6"/>
      </object_component>
      <object_component id="oc-17b">
         <name>.debug_line</name>
         <load_address>0x10be</load_address>
         <run_address>0x10be</run_address>
         <size>0x20</size>
         <input_file_ref idref="fl-8"/>
      </object_component>
      <object_component id="oc-6b">
         <name>.debug_line</name>
         <load_address>0x10de</load_address>
         <run_address>0x10de</run_address>
         <size>0x103</size>
         <input_file_ref idref="fl-8"/>
      </object_component>
      <object_component id="oc-184">
         <name>.debug_line</name>
         <load_address>0x11e1</load_address>
         <run_address>0x11e1</run_address>
         <size>0x5c</size>
         <input_file_ref idref="fl-8"/>
      </object_component>
      <object_component id="oc-c4">
         <name>.debug_line</name>
         <load_address>0x123d</load_address>
         <run_address>0x123d</run_address>
         <size>0x5c</size>
         <input_file_ref idref="fl-8"/>
      </object_component>
      <object_component id="oc-18e">
         <name>.debug_line</name>
         <load_address>0x1299</load_address>
         <run_address>0x1299</run_address>
         <size>0x5c</size>
         <input_file_ref idref="fl-8"/>
      </object_component>
      <object_component id="oc-210">
         <name>.debug_line</name>
         <load_address>0x12f5</load_address>
         <run_address>0x12f5</run_address>
         <size>0x58</size>
         <input_file_ref idref="fl-8"/>
      </object_component>
      <object_component id="oc-229">
         <name>.debug_line</name>
         <load_address>0x134d</load_address>
         <run_address>0x134d</run_address>
         <size>0x20</size>
         <input_file_ref idref="fl-9"/>
      </object_component>
      <object_component id="oc-ca">
         <name>.debug_line</name>
         <load_address>0x136d</load_address>
         <run_address>0x136d</run_address>
         <size>0xdc</size>
         <input_file_ref idref="fl-9"/>
      </object_component>
      <object_component id="oc-19b">
         <name>.debug_line</name>
         <load_address>0x1449</load_address>
         <run_address>0x1449</run_address>
         <size>0x5f</size>
         <input_file_ref idref="fl-9"/>
      </object_component>
      <object_component id="oc-207">
         <name>.debug_line</name>
         <load_address>0x14a8</load_address>
         <run_address>0x14a8</run_address>
         <size>0x6c</size>
         <input_file_ref idref="fl-a"/>
      </object_component>
      <object_component id="oc-205">
         <name>.debug_line</name>
         <load_address>0x1514</load_address>
         <run_address>0x1514</run_address>
         <size>0x36</size>
         <input_file_ref idref="fl-a"/>
      </object_component>
      <object_component id="oc-115">
         <name>.debug_line</name>
         <load_address>0x154a</load_address>
         <run_address>0x154a</run_address>
         <size>0x2c0</size>
         <input_file_ref idref="fl-a"/>
      </object_component>
      <object_component id="oc-20b">
         <name>.debug_line</name>
         <load_address>0x180a</load_address>
         <run_address>0x180a</run_address>
         <size>0x36</size>
         <input_file_ref idref="fl-a"/>
      </object_component>
      <object_component id="oc-66">
         <name>.debug_line</name>
         <load_address>0x1840</load_address>
         <run_address>0x1840</run_address>
         <size>0x2f2</size>
         <input_file_ref idref="fl-b"/>
      </object_component>
      <object_component id="oc-2c">
         <name>.debug_line</name>
         <load_address>0x1b32</load_address>
         <run_address>0x1b32</run_address>
         <size>0x52</size>
         <input_file_ref idref="fl-d"/>
      </object_component>
      <object_component id="oc-1c3">
         <name>.debug_line</name>
         <load_address>0x1b84</load_address>
         <run_address>0x1b84</run_address>
         <size>0xe3</size>
         <input_file_ref idref="fl-e"/>
      </object_component>
      <object_component id="oc-1ca">
         <name>.debug_line</name>
         <load_address>0x1c67</load_address>
         <run_address>0x1c67</run_address>
         <size>0x3b</size>
         <input_file_ref idref="fl-e"/>
      </object_component>
      <object_component id="oc-1cc">
         <name>.debug_line</name>
         <load_address>0x1ca2</load_address>
         <run_address>0x1ca2</run_address>
         <size>0x3b</size>
         <input_file_ref idref="fl-e"/>
      </object_component>
      <object_component id="oc-1ce">
         <name>.debug_line</name>
         <load_address>0x1cdd</load_address>
         <run_address>0x1cdd</run_address>
         <size>0x3b</size>
         <input_file_ref idref="fl-e"/>
      </object_component>
      <object_component id="oc-83">
         <name>.debug_line</name>
         <load_address>0x1d18</load_address>
         <run_address>0x1d18</run_address>
         <size>0x135</size>
         <input_file_ref idref="fl-e"/>
      </object_component>
      <object_component id="oc-7d">
         <name>.debug_line</name>
         <load_address>0x1e4d</load_address>
         <run_address>0x1e4d</run_address>
         <size>0x1f3</size>
         <input_file_ref idref="fl-f"/>
      </object_component>
      <object_component id="oc-227">
         <name>.debug_line</name>
         <load_address>0x2040</load_address>
         <run_address>0x2040</run_address>
         <size>0x20</size>
         <input_file_ref idref="fl-10"/>
      </object_component>
      <object_component id="oc-196">
         <name>.debug_line</name>
         <load_address>0x2060</load_address>
         <run_address>0x2060</run_address>
         <size>0x5c</size>
         <input_file_ref idref="fl-10"/>
      </object_component>
      <object_component id="oc-31">
         <name>.debug_line</name>
         <load_address>0x20bc</load_address>
         <run_address>0x20bc</run_address>
         <size>0x4e</size>
         <input_file_ref idref="fl-11"/>
      </object_component>
      <object_component id="oc-1d">
         <name>.debug_line</name>
         <load_address>0x210a</load_address>
         <run_address>0x210a</run_address>
         <size>0x7b</size>
         <input_file_ref idref="fl-14"/>
      </object_component>
      <object_component id="oc-13c">
         <name>.debug_line</name>
         <load_address>0x2185</load_address>
         <run_address>0x2185</run_address>
         <size>0x94</size>
         <input_file_ref idref="fl-15"/>
      </object_component>
      <object_component id="oc-8e">
         <name>.debug_line</name>
         <load_address>0x2219</load_address>
         <run_address>0x2219</run_address>
         <size>0x3a</size>
         <input_file_ref idref="fl-15"/>
      </object_component>
      <object_component id="oc-38">
         <name>.debug_line</name>
         <load_address>0x2253</load_address>
         <run_address>0x2253</run_address>
         <size>0x1b2</size>
         <input_file_ref idref="fl-15"/>
      </object_component>
      <object_component id="oc-3d">
         <name>.debug_line</name>
         <load_address>0x2405</load_address>
         <run_address>0x2405</run_address>
         <size>0xbc</size>
         <input_file_ref idref="fl-15"/>
      </object_component>
      <object_component id="oc-168">
         <name>.debug_line</name>
         <load_address>0x24c1</load_address>
         <run_address>0x24c1</run_address>
         <size>0x3a</size>
         <input_file_ref idref="fl-15"/>
      </object_component>
      <object_component id="oc-192">
         <name>.debug_line</name>
         <load_address>0x24fb</load_address>
         <run_address>0x24fb</run_address>
         <size>0x98</size>
         <input_file_ref idref="fl-16"/>
      </object_component>
      <object_component id="oc-71">
         <name>.debug_line</name>
         <load_address>0x2593</load_address>
         <run_address>0x2593</run_address>
         <size>0x21e</size>
         <input_file_ref idref="fl-16"/>
      </object_component>
      <object_component id="oc-23c">
         <name>.debug_line</name>
         <load_address>0x27b1</load_address>
         <run_address>0x27b1</run_address>
         <size>0x20</size>
         <input_file_ref idref="fl-d0"/>
      </object_component>
      <object_component id="oc-1b4">
         <name>.debug_line</name>
         <load_address>0x27d1</load_address>
         <run_address>0x27d1</run_address>
         <size>0xc0</size>
         <input_file_ref idref="fl-d0"/>
      </object_component>
      <object_component id="oc-48">
         <name>.debug_line</name>
         <load_address>0x2891</load_address>
         <run_address>0x2891</run_address>
         <size>0x20</size>
         <input_file_ref idref="fl-d0"/>
      </object_component>
      <object_component id="oc-239">
         <name>.debug_line</name>
         <load_address>0x28b1</load_address>
         <run_address>0x28b1</run_address>
         <size>0x76</size>
         <input_file_ref idref="fl-d0"/>
      </object_component>
      <object_component id="oc-201">
         <name>.debug_line</name>
         <load_address>0x2927</load_address>
         <run_address>0x2927</run_address>
         <size>0x73</size>
         <input_file_ref idref="fl-d0"/>
      </object_component>
      <object_component id="oc-4e">
         <name>.debug_line</name>
         <load_address>0x299a</load_address>
         <run_address>0x299a</run_address>
         <size>0x9a</size>
         <input_file_ref idref="fl-d1"/>
      </object_component>
      <object_component id="oc-bc">
         <name>.debug_line</name>
         <load_address>0x2a34</load_address>
         <run_address>0x2a34</run_address>
         <size>0x73</size>
         <input_file_ref idref="fl-d2"/>
      </object_component>
      <object_component id="oc-1e4">
         <name>.debug_line</name>
         <load_address>0x2aa7</load_address>
         <run_address>0x2aa7</run_address>
         <size>0x9b</size>
         <input_file_ref idref="fl-d3"/>
      </object_component>
      <object_component id="oc-df">
         <name>.debug_line</name>
         <load_address>0x2b42</load_address>
         <run_address>0x2b42</run_address>
         <size>0x7c</size>
         <input_file_ref idref="fl-d3"/>
      </object_component>
      <object_component id="oc-1e8">
         <name>.debug_line</name>
         <load_address>0x2bbe</load_address>
         <run_address>0x2bbe</run_address>
         <size>0x2e</size>
         <input_file_ref idref="fl-d3"/>
      </object_component>
      <object_component id="oc-22d">
         <name>.debug_line</name>
         <load_address>0x2bec</load_address>
         <run_address>0x2bec</run_address>
         <size>0x76</size>
         <input_file_ref idref="fl-d3"/>
      </object_component>
      <object_component id="oc-1ed">
         <name>.debug_line</name>
         <load_address>0x2c62</load_address>
         <run_address>0x2c62</run_address>
         <size>0x73</size>
         <input_file_ref idref="fl-d3"/>
      </object_component>
      <object_component id="oc-1f2">
         <name>.debug_line</name>
         <load_address>0x2cd5</load_address>
         <run_address>0x2cd5</run_address>
         <size>0x6f</size>
         <input_file_ref idref="fl-d3"/>
      </object_component>
      <object_component id="oc-178">
         <name>.debug_line</name>
         <load_address>0x2d44</load_address>
         <run_address>0x2d44</run_address>
         <size>0x82</size>
         <input_file_ref idref="fl-d5"/>
      </object_component>
      <object_component id="oc-5a">
         <name>.debug_line</name>
         <load_address>0x2dc6</load_address>
         <run_address>0x2dc6</run_address>
         <size>0x4f</size>
         <input_file_ref idref="fl-d5"/>
      </object_component>
      <object_component id="oc-b5">
         <name>.debug_line</name>
         <load_address>0x2e15</load_address>
         <run_address>0x2e15</run_address>
         <size>0x34</size>
         <input_file_ref idref="fl-d5"/>
      </object_component>
      <object_component id="oc-175">
         <name>.debug_line</name>
         <load_address>0x2e49</load_address>
         <run_address>0x2e49</run_address>
         <size>0x6e</size>
         <input_file_ref idref="fl-d5"/>
      </object_component>
      <object_component id="oc-b0">
         <name>.debug_line</name>
         <load_address>0x2eb7</load_address>
         <run_address>0x2eb7</run_address>
         <size>0x20</size>
         <input_file_ref idref="fl-d6"/>
      </object_component>
      <object_component id="oc-16">
         <name>.debug_line</name>
         <load_address>0x2ed7</load_address>
         <run_address>0x2ed7</run_address>
         <size>0x55</size>
         <input_file_ref idref="fl-d6"/>
      </object_component>
      <object_component id="oc-53">
         <name>.debug_line</name>
         <load_address>0x2f2c</load_address>
         <run_address>0x2f2c</run_address>
         <size>0x3a</size>
         <input_file_ref idref="fl-d6"/>
      </object_component>
      <object_component id="oc-ad">
         <name>.debug_line</name>
         <load_address>0x2f66</load_address>
         <run_address>0x2f66</run_address>
         <size>0x6e</size>
         <input_file_ref idref="fl-d6"/>
      </object_component>
      <object_component id="oc-171">
         <name>.debug_line</name>
         <load_address>0x2fd4</load_address>
         <run_address>0x2fd4</run_address>
         <size>0x20</size>
         <input_file_ref idref="fl-d7"/>
      </object_component>
      <object_component id="oc-10">
         <name>.debug_line</name>
         <load_address>0x2ff4</load_address>
         <run_address>0x2ff4</run_address>
         <size>0xb2</size>
         <input_file_ref idref="fl-d7"/>
      </object_component>
      <object_component id="oc-43">
         <name>.debug_line</name>
         <load_address>0x30a6</load_address>
         <run_address>0x30a6</run_address>
         <size>0x3a</size>
         <input_file_ref idref="fl-d7"/>
      </object_component>
      <object_component id="oc-16e">
         <name>.debug_line</name>
         <load_address>0x30e0</load_address>
         <run_address>0x30e0</run_address>
         <size>0x76</size>
         <input_file_ref idref="fl-d7"/>
      </object_component>
      <object_component id="oc-a6">
         <name>.debug_line</name>
         <load_address>0x3156</load_address>
         <run_address>0x3156</run_address>
         <size>0x72</size>
         <input_file_ref idref="fl-d7"/>
      </object_component>
      <object_component id="oc-12e">
         <name>.debug_line</name>
         <load_address>0x31c8</load_address>
         <run_address>0x31c8</run_address>
         <size>0x3c</size>
         <input_file_ref idref="fl-d8"/>
      </object_component>
      <object_component id="oc-11c">
         <name>.debug_frame</name>
         <load_address>0x0</load_address>
         <run_address>0x0</run_address>
         <size>0x1a0</size>
         <input_file_ref idref="fl-2"/>
      </object_component>
      <object_component id="oc-78">
         <name>.debug_frame</name>
         <load_address>0x1a0</load_address>
         <run_address>0x1a0</run_address>
         <size>0x274</size>
         <input_file_ref idref="fl-5"/>
      </object_component>
      <object_component id="oc-24">
         <name>.debug_frame</name>
         <load_address>0x414</load_address>
         <run_address>0x414</run_address>
         <size>0xb0</size>
         <input_file_ref idref="fl-5"/>
      </object_component>
      <object_component id="oc-110">
         <name>.debug_frame</name>
         <load_address>0x4c4</load_address>
         <run_address>0x4c4</run_address>
         <size>0x12c</size>
         <input_file_ref idref="fl-6"/>
      </object_component>
      <object_component id="oc-6c">
         <name>.debug_frame</name>
         <load_address>0x5f0</load_address>
         <run_address>0x5f0</run_address>
         <size>0x110</size>
         <input_file_ref idref="fl-8"/>
      </object_component>
      <object_component id="oc-cb">
         <name>.debug_frame</name>
         <load_address>0x700</load_address>
         <run_address>0x700</run_address>
         <size>0x58</size>
         <input_file_ref idref="fl-9"/>
      </object_component>
      <object_component id="oc-116">
         <name>.debug_frame</name>
         <load_address>0x758</load_address>
         <run_address>0x758</run_address>
         <size>0x1f0</size>
         <input_file_ref idref="fl-a"/>
      </object_component>
      <object_component id="oc-84">
         <name>.debug_frame</name>
         <load_address>0x948</load_address>
         <run_address>0x948</run_address>
         <size>0xb0</size>
         <input_file_ref idref="fl-e"/>
      </object_component>
      <object_component id="oc-32">
         <name>.debug_frame</name>
         <load_address>0x9f8</load_address>
         <run_address>0x9f8</run_address>
         <size>0x54</size>
         <input_file_ref idref="fl-11"/>
      </object_component>
      <object_component id="oc-1e">
         <name>.debug_frame</name>
         <load_address>0xa4c</load_address>
         <run_address>0xa4c</run_address>
         <size>0x50</size>
         <input_file_ref idref="fl-14"/>
      </object_component>
      <object_component id="oc-39">
         <name>.debug_frame</name>
         <load_address>0xa9c</load_address>
         <run_address>0xa9c</run_address>
         <size>0xbc</size>
         <input_file_ref idref="fl-15"/>
      </object_component>
      <object_component id="oc-3e">
         <name>.debug_frame</name>
         <load_address>0xb58</load_address>
         <run_address>0xb58</run_address>
         <size>0xb0</size>
         <input_file_ref idref="fl-15"/>
      </object_component>
      <object_component id="oc-72">
         <name>.debug_frame</name>
         <load_address>0xc08</load_address>
         <run_address>0xc08</run_address>
         <size>0x108</size>
         <input_file_ref idref="fl-16"/>
      </object_component>
      <object_component id="oc-1b5">
         <name>.debug_frame</name>
         <load_address>0xd10</load_address>
         <run_address>0xd10</run_address>
         <size>0x64</size>
         <input_file_ref idref="fl-d0"/>
      </object_component>
      <object_component id="oc-e0">
         <name>.debug_frame</name>
         <load_address>0xd74</load_address>
         <run_address>0xd74</run_address>
         <size>0x5c</size>
         <input_file_ref idref="fl-d3"/>
      </object_component>
      <object_component id="oc-5b">
         <name>.debug_frame</name>
         <load_address>0xdd0</load_address>
         <run_address>0xdd0</run_address>
         <size>0x54</size>
         <input_file_ref idref="fl-d5"/>
      </object_component>
      <object_component id="oc-17">
         <name>.debug_frame</name>
         <load_address>0xe24</load_address>
         <run_address>0xe24</run_address>
         <size>0x54</size>
         <input_file_ref idref="fl-d6"/>
      </object_component>
      <object_component id="oc-11">
         <name>.debug_frame</name>
         <load_address>0xe78</load_address>
         <run_address>0xe78</run_address>
         <size>0x5c</size>
         <input_file_ref idref="fl-d7"/>
      </object_component>
      <object_component id="oc-12f">
         <name>.debug_frame</name>
         <load_address>0xed4</load_address>
         <run_address>0xed4</run_address>
         <size>0x54</size>
         <input_file_ref idref="fl-d8"/>
      </object_component>
      <object_component id="oc-1df">
         <name>.debug_abbrev</name>
         <load_address>0x0</load_address>
         <run_address>0x0</run_address>
         <size>0x76</size>
         <input_file_ref idref="fl-2"/>
      </object_component>
      <object_component id="oc-214">
         <name>.debug_abbrev</name>
         <load_address>0x76</load_address>
         <run_address>0x76</run_address>
         <size>0x27</size>
         <input_file_ref idref="fl-2"/>
      </object_component>
      <object_component id="oc-212">
         <name>.debug_abbrev</name>
         <load_address>0x9d</load_address>
         <run_address>0x9d</run_address>
         <size>0x27</size>
         <input_file_ref idref="fl-2"/>
      </object_component>
      <object_component id="oc-1c1">
         <name>.debug_abbrev</name>
         <load_address>0xc4</load_address>
         <run_address>0xc4</run_address>
         <size>0xd6</size>
         <input_file_ref idref="fl-2"/>
      </object_component>
      <object_component id="oc-17e">
         <name>.debug_abbrev</name>
         <load_address>0x19a</load_address>
         <run_address>0x19a</run_address>
         <size>0x7c</size>
         <input_file_ref idref="fl-2"/>
      </object_component>
      <object_component id="oc-13f">
         <name>.debug_abbrev</name>
         <load_address>0x216</load_address>
         <run_address>0x216</run_address>
         <size>0x69</size>
         <input_file_ref idref="fl-2"/>
      </object_component>
      <object_component id="oc-8a">
         <name>.debug_abbrev</name>
         <load_address>0x27f</load_address>
         <run_address>0x27f</run_address>
         <size>0x5a</size>
         <input_file_ref idref="fl-2"/>
      </object_component>
      <object_component id="oc-9a">
         <name>.debug_abbrev</name>
         <load_address>0x2d9</load_address>
         <run_address>0x2d9</run_address>
         <size>0x1f</size>
         <input_file_ref idref="fl-2"/>
      </object_component>
      <object_component id="oc-95">
         <name>.debug_abbrev</name>
         <load_address>0x2f8</load_address>
         <run_address>0x2f8</run_address>
         <size>0x7c</size>
         <input_file_ref idref="fl-2"/>
      </object_component>
      <object_component id="oc-1db">
         <name>.debug_abbrev</name>
         <load_address>0x374</load_address>
         <run_address>0x374</run_address>
         <size>0x5c</size>
         <input_file_ref idref="fl-2"/>
      </object_component>
      <object_component id="oc-138">
         <name>.debug_abbrev</name>
         <load_address>0x3d0</load_address>
         <run_address>0x3d0</run_address>
         <size>0x24</size>
         <input_file_ref idref="fl-2"/>
      </object_component>
      <object_component id="oc-9f">
         <name>.debug_abbrev</name>
         <load_address>0x3f4</load_address>
         <run_address>0x3f4</run_address>
         <size>0x55</size>
         <input_file_ref idref="fl-2"/>
      </object_component>
      <object_component id="oc-1c6">
         <name>.debug_abbrev</name>
         <load_address>0x449</load_address>
         <run_address>0x449</run_address>
         <size>0x7a</size>
         <input_file_ref idref="fl-2"/>
      </object_component>
      <object_component id="oc-162">
         <name>.debug_abbrev</name>
         <load_address>0x4c3</load_address>
         <run_address>0x4c3</run_address>
         <size>0x4b</size>
         <input_file_ref idref="fl-2"/>
      </object_component>
      <object_component id="oc-224">
         <name>.debug_abbrev</name>
         <load_address>0x50e</load_address>
         <run_address>0x50e</run_address>
         <size>0x5f</size>
         <input_file_ref idref="fl-3"/>
      </object_component>
      <object_component id="oc-cf">
         <name>.debug_abbrev</name>
         <load_address>0x56d</load_address>
         <run_address>0x56d</run_address>
         <size>0xba</size>
         <input_file_ref idref="fl-3"/>
      </object_component>
      <object_component id="oc-144">
         <name>.debug_abbrev</name>
         <load_address>0x627</load_address>
         <run_address>0x627</run_address>
         <size>0x4b</size>
         <input_file_ref idref="fl-3"/>
      </object_component>
      <object_component id="oc-188">
         <name>.debug_abbrev</name>
         <load_address>0x672</load_address>
         <run_address>0x672</run_address>
         <size>0x4b</size>
         <input_file_ref idref="fl-3"/>
      </object_component>
      <object_component id="oc-149">
         <name>.debug_abbrev</name>
         <load_address>0x6bd</load_address>
         <run_address>0x6bd</run_address>
         <size>0x4b</size>
         <input_file_ref idref="fl-3"/>
      </object_component>
      <object_component id="oc-14e">
         <name>.debug_abbrev</name>
         <load_address>0x708</load_address>
         <run_address>0x708</run_address>
         <size>0x4b</size>
         <input_file_ref idref="fl-3"/>
      </object_component>
      <object_component id="oc-153">
         <name>.debug_abbrev</name>
         <load_address>0x753</load_address>
         <run_address>0x753</run_address>
         <size>0x4b</size>
         <input_file_ref idref="fl-3"/>
      </object_component>
      <object_component id="oc-158">
         <name>.debug_abbrev</name>
         <load_address>0x79e</load_address>
         <run_address>0x79e</run_address>
         <size>0x4b</size>
         <input_file_ref idref="fl-3"/>
      </object_component>
      <object_component id="oc-15d">
         <name>.debug_abbrev</name>
         <load_address>0x7e9</load_address>
         <run_address>0x7e9</run_address>
         <size>0x5c</size>
         <input_file_ref idref="fl-3"/>
      </object_component>
      <object_component id="oc-19d">
         <name>.debug_abbrev</name>
         <load_address>0x845</load_address>
         <run_address>0x845</run_address>
         <size>0x76</size>
         <input_file_ref idref="fl-5"/>
      </object_component>
      <object_component id="oc-d3">
         <name>.debug_abbrev</name>
         <load_address>0x8bb</load_address>
         <run_address>0x8bb</run_address>
         <size>0xc8</size>
         <input_file_ref idref="fl-5"/>
      </object_component>
      <object_component id="oc-87">
         <name>.debug_abbrev</name>
         <load_address>0x983</load_address>
         <run_address>0x983</run_address>
         <size>0x6f</size>
         <input_file_ref idref="fl-5"/>
      </object_component>
      <object_component id="oc-d6">
         <name>.debug_abbrev</name>
         <load_address>0x9f2</load_address>
         <run_address>0x9f2</run_address>
         <size>0x6b</size>
         <input_file_ref idref="fl-5"/>
      </object_component>
      <object_component id="oc-1f6">
         <name>.debug_abbrev</name>
         <load_address>0xa5d</load_address>
         <run_address>0xa5d</run_address>
         <size>0x52</size>
         <input_file_ref idref="fl-6"/>
      </object_component>
      <object_component id="oc-1ae">
         <name>.debug_abbrev</name>
         <load_address>0xaaf</load_address>
         <run_address>0xaaf</run_address>
         <size>0xc8</size>
         <input_file_ref idref="fl-6"/>
      </object_component>
      <object_component id="oc-1fa">
         <name>.debug_abbrev</name>
         <load_address>0xb77</load_address>
         <run_address>0xb77</run_address>
         <size>0x4b</size>
         <input_file_ref idref="fl-6"/>
      </object_component>
      <object_component id="oc-17a">
         <name>.debug_abbrev</name>
         <load_address>0xbc2</load_address>
         <run_address>0xbc2</run_address>
         <size>0x4f</size>
         <input_file_ref idref="fl-8"/>
      </object_component>
      <object_component id="oc-bf">
         <name>.debug_abbrev</name>
         <load_address>0xc11</load_address>
         <run_address>0xc11</run_address>
         <size>0x6c</size>
         <input_file_ref idref="fl-8"/>
      </object_component>
      <object_component id="oc-183">
         <name>.debug_abbrev</name>
         <load_address>0xc7d</load_address>
         <run_address>0xc7d</run_address>
         <size>0x7f</size>
         <input_file_ref idref="fl-8"/>
      </object_component>
      <object_component id="oc-c3">
         <name>.debug_abbrev</name>
         <load_address>0xcfc</load_address>
         <run_address>0xcfc</run_address>
         <size>0x6b</size>
         <input_file_ref idref="fl-8"/>
      </object_component>
      <object_component id="oc-18d">
         <name>.debug_abbrev</name>
         <load_address>0xd67</load_address>
         <run_address>0xd67</run_address>
         <size>0x4b</size>
         <input_file_ref idref="fl-8"/>
      </object_component>
      <object_component id="oc-20f">
         <name>.debug_abbrev</name>
         <load_address>0xdb2</load_address>
         <run_address>0xdb2</run_address>
         <size>0x89</size>
         <input_file_ref idref="fl-8"/>
      </object_component>
      <object_component id="oc-228">
         <name>.debug_abbrev</name>
         <load_address>0xe3b</load_address>
         <run_address>0xe3b</run_address>
         <size>0x4f</size>
         <input_file_ref idref="fl-9"/>
      </object_component>
      <object_component id="oc-190">
         <name>.debug_abbrev</name>
         <load_address>0xe8a</load_address>
         <run_address>0xe8a</run_address>
         <size>0x50</size>
         <input_file_ref idref="fl-9"/>
      </object_component>
      <object_component id="oc-19a">
         <name>.debug_abbrev</name>
         <load_address>0xeda</load_address>
         <run_address>0xeda</run_address>
         <size>0x4b</size>
         <input_file_ref idref="fl-9"/>
      </object_component>
      <object_component id="oc-206">
         <name>.debug_abbrev</name>
         <load_address>0xf25</load_address>
         <run_address>0xf25</run_address>
         <size>0x7e</size>
         <input_file_ref idref="fl-a"/>
      </object_component>
      <object_component id="oc-204">
         <name>.debug_abbrev</name>
         <load_address>0xfa3</load_address>
         <run_address>0xfa3</run_address>
         <size>0x27</size>
         <input_file_ref idref="fl-a"/>
      </object_component>
      <object_component id="oc-1b9">
         <name>.debug_abbrev</name>
         <load_address>0xfca</load_address>
         <run_address>0xfca</run_address>
         <size>0x13d</size>
         <input_file_ref idref="fl-a"/>
      </object_component>
      <object_component id="oc-20a">
         <name>.debug_abbrev</name>
         <load_address>0x1107</load_address>
         <run_address>0x1107</run_address>
         <size>0x3a</size>
         <input_file_ref idref="fl-a"/>
      </object_component>
      <object_component id="oc-be">
         <name>.debug_abbrev</name>
         <load_address>0x1141</load_address>
         <run_address>0x1141</run_address>
         <size>0x44</size>
         <input_file_ref idref="fl-b"/>
      </object_component>
      <object_component id="oc-90">
         <name>.debug_abbrev</name>
         <load_address>0x1185</load_address>
         <run_address>0x1185</run_address>
         <size>0x38</size>
         <input_file_ref idref="fl-d"/>
      </object_component>
      <object_component id="oc-1c2">
         <name>.debug_abbrev</name>
         <load_address>0x11bd</load_address>
         <run_address>0x11bd</run_address>
         <size>0xf3</size>
         <input_file_ref idref="fl-e"/>
      </object_component>
      <object_component id="oc-1c9">
         <name>.debug_abbrev</name>
         <load_address>0x12b0</load_address>
         <run_address>0x12b0</run_address>
         <size>0x29</size>
         <input_file_ref idref="fl-e"/>
      </object_component>
      <object_component id="oc-1cb">
         <name>.debug_abbrev</name>
         <load_address>0x12d9</load_address>
         <run_address>0x12d9</run_address>
         <size>0x29</size>
         <input_file_ref idref="fl-e"/>
      </object_component>
      <object_component id="oc-1cd">
         <name>.debug_abbrev</name>
         <load_address>0x1302</load_address>
         <run_address>0x1302</run_address>
         <size>0x27</size>
         <input_file_ref idref="fl-e"/>
      </object_component>
      <object_component id="oc-129">
         <name>.debug_abbrev</name>
         <load_address>0x1329</load_address>
         <run_address>0x1329</run_address>
         <size>0xa9</size>
         <input_file_ref idref="fl-e"/>
      </object_component>
      <object_component id="oc-da">
         <name>.debug_abbrev</name>
         <load_address>0x13d2</load_address>
         <run_address>0x13d2</run_address>
         <size>0x36</size>
         <input_file_ref idref="fl-f"/>
      </object_component>
      <object_component id="oc-226">
         <name>.debug_abbrev</name>
         <load_address>0x1408</load_address>
         <run_address>0x1408</run_address>
         <size>0x4f</size>
         <input_file_ref idref="fl-10"/>
      </object_component>
      <object_component id="oc-195">
         <name>.debug_abbrev</name>
         <load_address>0x1457</load_address>
         <run_address>0x1457</run_address>
         <size>0x5a</size>
         <input_file_ref idref="fl-10"/>
      </object_component>
      <object_component id="oc-91">
         <name>.debug_abbrev</name>
         <load_address>0x14b1</load_address>
         <run_address>0x14b1</run_address>
         <size>0x53</size>
         <input_file_ref idref="fl-11"/>
      </object_component>
      <object_component id="oc-86">
         <name>.debug_abbrev</name>
         <load_address>0x1504</load_address>
         <run_address>0x1504</run_address>
         <size>0x55</size>
         <input_file_ref idref="fl-14"/>
      </object_component>
      <object_component id="oc-13b">
         <name>.debug_abbrev</name>
         <load_address>0x1559</load_address>
         <run_address>0x1559</run_address>
         <size>0xab</size>
[...]
      </symbol>
      <symbol id="sm-1aa">
         <name>gioSetBit</name>
         <value>0x384c</value>
         <object_component_ref idref="oc-10b"/>
      </symbol>
      <symbol id="sm-1ab">
         <name>gioGetPort</name>
         <value>0x38e4</value>
         <object_component_ref idref="oc-10b"/>
      </symbol>
      <symbol id="sm-1d6">
         <name>sciNotification</name>
         <value>0x4fa8</value>
         <object_component_ref idref="oc-67"/>
      </symbol>
      <symbol id="sm-1d7">
         <name>epcFIFOFullNotification</name>
         <value>0x4fc0</value>
         <object_component_ref idref="oc-67"/>
      </symbol>
      <symbol id="sm-1d8">
         <name>esmGroup2Notification</name>
         <value>0x4f48</value>
         <object_component_ref idref="oc-67"/>
      </symbol>
      <symbol id="sm-1d9">
         <name>epcCAMFullNotification</name>
         <value>0x4fbc</value>
         <object_component_ref idref="oc-67"/>
      </symbol>
      <symbol id="sm-1da">
         <name>esmGroup1Notification</name>
         <value>0x4f34</value>
         <object_component_ref idref="oc-67"/>
      </symbol>
      <symbol id="sm-1db">
         <name>esmGroup3Notification</name>
         <value>0x4f5c</value>
         <object_component_ref idref="oc-67"/>
      </symbol>
      <symbol id="sm-1dc">
         <name>dmaGroupANotification</name>
         <value>0x4f6c</value>
         <object_component_ref idref="oc-67"/>
      </symbol>
      <symbol id="sm-1dd">
         <name>gioNotification</name>
         <value>0x4f94</value>
         <object_component_ref idref="oc-67"/>
      </symbol>
      <symbol id="sm-1de">
         <name>adcNotification</name>
         <value>0x4f80</value>
         <object_component_ref idref="oc-67"/>
      </symbol>
      <symbol id="sm-24c">
         <name>muxInit</name>
         <value>0xb0c</value>
         <object_component_ref idref="oc-c6"/>
      </symbol>
      <symbol id="sm-2ab">
         <name>sciIsTxReady</name>
         <value>0x2908</value>
         <object_component_ref idref="oc-111"/>
      </symbol>
      <symbol id="sm-2ac">
         <name>sci1GetConfigValue</name>
         <value>0x2e1c</value>
         <object_component_ref idref="oc-111"/>
      </symbol>
      <symbol id="sm-2ad">
         <name>sciDisableLoopback</name>
         <value>0x2c90</value>
         <object_component_ref idref="oc-111"/>
      </symbol>
      <symbol id="sm-2ae">
         <name>sciIsRxReady</name>
         <value>0x2ab8</value>
         <object_component_ref idref="oc-111"/>
      </symbol>
      <symbol id="sm-2af">
         <name>sciSetBaudrate</name>
         <value>0x286c</value>
         <object_component_ref idref="oc-111"/>
      </symbol>
      <symbol id="sm-2b0">
         <name>sciInit</name>
         <value>0x2760</value>
         <object_component_ref idref="oc-111"/>
      </symbol>
      <symbol id="sm-2b1">
         <name>sciEnableNotification</name>
         <value>0x2cac</value>
         <object_component_ref idref="oc-111"/>
      </symbol>
      <symbol id="sm-2b2">
         <name>sciReceive</name>
         <value>0x2b4c</value>
         <object_component_ref idref="oc-111"/>
      </symbol>
      <symbol id="sm-2b3">
         <name>sciExitResetState</name>
         <value>0x2dfc</value>
         <object_component_ref idref="oc-111"/>
      </symbol>
      <symbol id="sm-2b4">
         <name>sciSetFunctional</name>
         <value>0x284c</value>
         <object_component_ref idref="oc-111"/>
      </symbol>
      <symbol id="sm-2b5">
         <name>sciDisableNotification</name>
         <value>0x2d44</value>
         <object_component_ref idref="oc-111"/>
      </symbol>
      <symbol id="sm-2b6">
         <name>sciSend</name>
         <value>0x2954</value>
         <object_component_ref idref="oc-111"/>
      </symbol>
      <symbol id="sm-2b7">
         <name>sciRxError</name>
         <value>0x2af0</value>
         <object_component_ref idref="oc-111"/>
      </symbol>
      <symbol id="sm-2b8">
         <name>sciReceiveByte</name>
         <value>0x2b20</value>
         <object_component_ref idref="oc-111"/>
      </symbol>
      <symbol id="sm-2b9">
         <name>sciSendByte</name>
         <value>0x2924</value>
         <object_component_ref idref="oc-111"/>
      </symbol>
      <symbol id="sm-2ba">
         <name>sciEnableLoopback</name>
         <value>0x2c5c</value>
         <object_component_ref idref="oc-111"/>
      </symbol>
      <symbol id="sm-2bb">
         <name>sciIsIdleDetected</name>
         <value>0x2ad4</value>
         <object_component_ref idref="oc-111"/>
      </symbol>
      <symbol id="sm-2bc">
         <name>sciEnterResetState</name>
         <value>0x2ddc</value>
         <object_component_ref idref="oc-111"/>
      </symbol>
      <symbol id="sm-2e8">
         <name>_iCacheInvalidate_</name>
         <value>0x3f88</value>
         <object_component_ref idref="oc-62"/>
      </symbol>
      <symbol id="sm-2e9">
         <name>_disable_IRQ_interrupt_</name>
         <value>0x3e18</value>
         <object_component_ref idref="oc-62"/>
      </symbol>
      <symbol id="sm-2ea">
         <name>_coreGetInstructionFaultAddress_</name>
         <value>0x3ddc</value>
         <object_component_ref idref="oc-62"/>
      </symbol>
      <symbol id="sm-2eb">
         <name>_coreGetDataFault_</name>
         <value>0x3da0</value>
         <object_component_ref idref="oc-62"/>
      </symbol>
      <symbol id="sm-2ec">
         <name>_coreDisableEventBusExport_</name>
         <value>0x3d80</value>
         <object_component_ref idref="oc-62"/>
      </symbol>
      <symbol id="sm-2ed">
         <name>_coreClearDataFaultAddress_</name>
         <value>0x3dd0</value>
         <object_component_ref idref="oc-62"/>
      </symbol>
      <symbol id="sm-2ee">
         <name>__TI_PINIT_Base</name>
         <value>0x3f9c</value>
         <object_component_ref idref="oc-62"/>
      </symbol>
      <symbol id="sm-2ef">
         <name>_coreInitRegisters_</name>
         <value>0x3be0</value>
         <object_component_ref idref="oc-62"/>
      </symbol>
      <symbol id="sm-2f0">
         <name>_coreClearInstructionFaultAddress_</name>
         <value>0x3de4</value>
         <object_component_ref idref="oc-62"/>
      </symbol>
      <symbol id="sm-2f1">
         <name>_coreClearDataFault_</name>
         <value>0x3da8</value>
         <object_component_ref idref="oc-62"/>
      </symbol>
      <symbol id="sm-2f2">
         <name>_coreGetAuxiliaryDataFault_</name>
         <value>0x3df0</value>
         <object_component_ref idref="oc-62"/>
      </symbol>
      <symbol id="sm-2f3">
         <name>_enable_interrupt_</name>
         <value>0x3e28</value>
         <object_component_ref idref="oc-62"/>
      </symbol>
      <symbol id="sm-2f4">
         <name>_coreClearAuxiliaryInstructionFault_</name>
         <value>0x3e0c</value>
         <object_component_ref idref="oc-62"/>
      </symbol>
      <symbol id="sm-2f5">
         <name>_memInit_</name>
         <value>0x3eb8</value>
         <object_component_ref idref="oc-62"/>
      </symbol>
      <symbol id="sm-2f6">
         <name>_dCacheInvalidate_</name>
         <value>0x3f74</value>
         <object_component_ref idref="oc-62"/>
      </symbol>
      <symbol id="sm-2f7">
         <name>_coreGetDataFaultAddress_</name>
         <value>0x3dc8</value>
         <object_component_ref idref="oc-62"/>
      </symbol>
      <symbol id="sm-2f8">
         <name>_coreClearInstructionFault_</name>
         <value>0x3dbc</value>
         <object_component_ref idref="oc-62"/>
      </symbol>
      <symbol id="sm-2f9">
         <name>_getCPSRValue_</name>
         <value>0x3d38</value>
         <object_component_ref idref="oc-62"/>
      </symbol>
      <symbol id="sm-2fa">
         <name>_cacheDisable_</name>
         <value>0x3f50</value>
         <object_component_ref idref="oc-62"/>
      </symbol>
      <symbol id="sm-2fb">
         <name>_enable_IRQ_interrupt_</name>
         <value>0x3e20</value>
         <object_component_ref idref="oc-62"/>
      </symbol>
      <symbol id="sm-2fc">
         <name>__TI_PINIT_Limit</name>
         <value>0x3fa0</value>
         <object_component_ref idref="oc-62"/>
      </symbol>
      <symbol id="sm-2fd">
         <name>_coreGetAuxiliaryInstructionFault_</name>
         <value>0x3e04</value>
         <object_component_ref idref="oc-62"/>
      </symbol>
      <symbol id="sm-2fe">
         <name>_coreInitStackPointer_</name>
         <value>0x3cec</value>
         <object_component_ref idref="oc-62"/>
      </symbol>
      <symbol id="sm-2ff">
         <name>_esmCcmErrorsClear_</name>
         <value>0x3e30</value>
         <object_component_ref idref="oc-62"/>
      </symbol>
      <symbol id="sm-300">
         <name>_gotoCPUIdle_</name>
         <value>0x3d40</value>
         <object_component_ref idref="oc-62"/>
      </symbol>
      <symbol id="sm-301">
         <name>_coreEnableIrqVicOffset_</name>
         <value>0x3d90</value>
         <object_component_ref idref="oc-62"/>
      </symbol>
      <symbol id="sm-302">
         <name>_coreGetInstructionFault_</name>
         <value>0x3db4</value>
         <object_component_ref idref="oc-62"/>
      </symbol>
      <symbol id="sm-303">
         <name>_cacheEnable_</name>
         <value>0x3f0c</value>
         <object_component_ref idref="oc-62"/>
      </symbol>
      <symbol id="sm-304">
         <name>_coreEnableVfp_</name>
         <value>0x3d58</value>
         <object_component_ref idref="oc-62"/>
      </symbol>
      <symbol id="sm-305">
         <name>_coreClearAuxiliaryDataFault_</name>
         <value>0x3df8</value>
         <object_component_ref idref="oc-62"/>
      </symbol>
      <symbol id="sm-306">
         <name>_coreEnableEventBusExport_</name>
         <value>0x3d70</value>
         <object_component_ref idref="oc-62"/>
      </symbol>
      <symbol id="sm-307">
         <name>_checkMemInitOn_</name>
         <value>0x3eec</value>
         <object_component_ref idref="oc-62"/>
      </symbol>
      <symbol id="sm-315">
         <name>resetEntry</name>
         <value>0x0</value>
         <object_component_ref idref="oc-28"/>
      </symbol>
      <symbol id="sm-354">
         <name>adc_data</name>
         <value>0x8001550</value>
      </symbol>
      <symbol id="sm-355">
         <name>TXT2</name>
         <value>0x800156c</value>
         <object_component_ref idref="oc-123"/>
      </symbol>
      <symbol id="sm-356">
         <name>TXT1</name>
         <value>0x8001560</value>
         <object_component_ref idref="oc-120"/>
      </symbol>
      <symbol id="sm-357">
         <name>sci_display_data</name>
         <value>0x43fc</value>
         <object_component_ref idref="oc-7f"/>
      </symbol>
      <symbol id="sm-358">
         <name>main</name>
         <value>0x4310</value>
         <object_component_ref idref="oc-7f"/>
      </symbol>
      <symbol id="sm-359">
         <name>wait</name>
         <value>0x45f8</value>
         <object_component_ref idref="oc-7f"/>
      </symbol>
      <symbol id="sm-35a">
         <name>sci_display_txt</name>
         <value>0x4598</value>
         <object_component_ref idref="oc-7f"/>
      </symbol>
      <symbol id="sm-375">
         <name>_mpuSetRegionBaseAddress_</name>
         <value>0x42d4</value>
         <object_component_ref idref="oc-79"/>
      </symbol>
      <symbol id="sm-376">
         <name>_mpuInit_</name>
         <value>0x3fa4</value>
         <object_component_ref idref="oc-79"/>
      </symbol>
      <symbol id="sm-377">
         <name>_mpuSetRegionSizeRegister_</name>
         <value>0x4308</value>
         <object_component_ref idref="oc-79"/>
      </symbol>
      <symbol id="sm-378">
         <name>_mpuDisableBackgroundRegion_</name>
         <value>0x429c</value>
         <object_component_ref idref="oc-79"/>
      </symbol>
      <symbol id="sm-379">
         <name>_mpuSetRegionTypeAndPermission_</name>
         <value>0x42e4</value>
         <object_component_ref idref="oc-79"/>
      </symbol>
      <symbol id="sm-37a">
         <name>_mpuGetRegionPermission_</name>
         <value>0x42fc</value>
         <object_component_ref idref="oc-79"/>
      </symbol>
      <symbol id="sm-37b">
         <name>_mpuEnable_</name>
         <value>0x425c</value>
         <object_component_ref idref="oc-79"/>
      </symbol>
      <symbol id="sm-37c">
         <name>_mpuGetNumberOfRegions_</name>
         <value>0x42ac</value>
         <object_component_ref idref="oc-79"/>
      </symbol>
      <symbol id="sm-37d">
         <name>_mpuAreRegionsSeparate_</name>
         <value>0x42b8</value>
         <object_component_ref idref="oc-79"/>
      </symbol>
      <symbol id="sm-37e">
         <name>_mpuEnableBackgroundRegion_</name>
         <value>0x428c</value>
         <object_component_ref idref="oc-79"/>
      </symbol>
      <symbol id="sm-37f">
         <name>_mpuGetRegionType_</name>
         <value>0x42f0</value>
         <object_component_ref idref="oc-79"/>
      </symbol>
      <symbol id="sm-380">
         <name>_mpuDisable_</name>
         <value>0x4274</value>
         <object_component_ref idref="oc-79"/>
      </symbol>
      <symbol id="sm-381">
         <name>_mpuGetRegionBaseAddress_</name>
         <value>0x42dc</value>
         <object_component_ref idref="oc-79"/>
      </symbol>
      <symbol id="sm-382">
         <name>_mpuSetRegion_</name>
         <value>0x42c4</value>
         <object_component_ref idref="oc-79"/>
      </symbol>
      <symbol id="sm-383">
         <name>_mpuGetRegion_</name>
         <value>0x42cc</value>
         <object_component_ref idref="oc-79"/>
      </symbol>
      <symbol id="sm-396">
         <name>phantomInterrupt</name>
         <value>0x5104</value>
         <object_component_ref idref="oc-2d"/>
      </symbol>
      <symbol id="sm-3aa">
         <name>_c_int00</name>
         <value>0x4dd0</value>
         <object_component_ref idref="oc-19"/>
      </symbol>
      <symbol id="sm-44d">
         <name>vimChannelMap</name>
         <value>0x1efc</value>
         <object_component_ref idref="oc-34"/>
      </symbol>
      <symbol id="sm-44e">
         <name>vimInit</name>
         <value>0x1e28</value>
         <object_component_ref idref="oc-34"/>
      </symbol>
      <symbol id="sm-44f">
         <name>vimEnableInterrupt</name>
         <value>0x1fa0</value>
         <object_component_ref idref="oc-34"/>
      </symbol>
      <symbol id="sm-450">
         <name>vimDisableInterrupt</name>
         <value>0x2168</value>
         <object_component_ref idref="oc-34"/>
      </symbol>
      <symbol id="sm-451">
         <name>vimGetConfigValue</name>
         <value>0x2214</value>
         <object_component_ref idref="oc-34"/>
      </symbol>
      <symbol id="sm-452">
         <name>vimECCErrorHandler</name>
         <value>0x4660</value>
         <object_component_ref idref="oc-33"/>
      </symbol>
      <symbol id="sm-4a0">
         <name>systemGetConfigValue</name>
         <value>0x1960</value>
         <object_component_ref idref="oc-6d"/>
      </symbol>
      <symbol id="sm-4a1">
         <name>trimLPO</name>
         <value>0x152c</value>
         <object_component_ref idref="oc-6d"/>
      </symbol>
      <symbol id="sm-4a2">
         <name>systemInit</name>
         <value>0x1794</value>
         <object_component_ref idref="oc-6d"/>
      </symbol>
      <symbol id="sm-4a3">
         <name>periphInit</name>
         <value>0x15b4</value>
         <object_component_ref idref="oc-6d"/>
      </symbol>
      <symbol id="sm-4a4">
         <name>setupFlash</name>
         <value>0x1574</value>
         <object_component_ref idref="oc-6d"/>
      </symbol>
      <symbol id="sm-4a5">
         <name>setupPLL</name>
         <value>0x14cc</value>
         <object_component_ref idref="oc-6d"/>
      </symbol>
      <symbol id="sm-4a6">
         <name>getResetSource</name>
         <value>0x1838</value>
         <object_component_ref idref="oc-6d"/>
      </symbol>
      <symbol id="sm-4a7">
         <name>mapClocks</name>
         <value>0x1668</value>
         <object_component_ref idref="oc-6d"/>
      </symbol>
      <symbol id="sm-4a8">
         <name>systemPowerDown</name>
         <value>0x1808</value>
         <object_component_ref idref="oc-6d"/>
      </symbol>
      <symbol id="sm-4d1">
         <name>floorl</name>
         <value>0x4c94</value>
         <object_component_ref idref="oc-1b0"/>
      </symbol>
      <symbol id="sm-4d2">
         <name>floor</name>
         <value>0x4c94</value>
         <object_component_ref idref="oc-1b0"/>
      </symbol>
      <symbol id="sm-4eb">
         <name>memcpy</name>
         <value>0x499c</value>
         <object_component_ref idref="oc-4a"/>
      </symbol>
      <symbol id="sm-4ec">
         <name>__aeabi_memcpy</name>
         <value>0x499c</value>
         <object_component_ref idref="oc-4a"/>
      </symbol>
      <symbol id="sm-4ed">
         <name>__aeabi_memcpy8</name>
         <value>0x499c</value>
         <object_component_ref idref="oc-4a"/>
      </symbol>
      <symbol id="sm-4ee">
         <name>__aeabi_memcpy4</name>
         <value>0x499c</value>
         <object_component_ref idref="oc-4a"/>
      </symbol>
      <symbol id="sm-4fd">
         <name>__aeabi_memset</name>
         <value>0x4e88</value>
         <object_component_ref idref="oc-b8"/>
      </symbol>
      <symbol id="sm-4fe">
         <name>memset</name>
         <value>0x4e94</value>
         <object_component_ref idref="oc-b8"/>
      </symbol>
      <symbol id="sm-4ff">
         <name>__aeabi_memset8</name>
         <value>0x4e88</value>
         <object_component_ref idref="oc-b8"/>
      </symbol>
      <symbol id="sm-500">
         <name>__aeabi_memset4</name>
         <value>0x4e88</value>
         <object_component_ref idref="oc-b8"/>
      </symbol>
      <symbol id="sm-501">
         <name>__aeabi_memclr8</name>
         <value>0x4e84</value>
         <object_component_ref idref="oc-b8"/>
      </symbol>
      <symbol id="sm-502">
         <name>__aeabi_memclr4</name>
         <value>0x4e84</value>
         <object_component_ref idref="oc-b8"/>
      </symbol>
      <symbol id="sm-503">
         <name>__aeabi_memclr</name>
         <value>0x4e84</value>
         <object_component_ref idref="oc-b8"/>
      </symbol>
      <symbol id="sm-52b">
         <name>__TI_auto_init_nobinit_nopinit</name>
         <value>0x5060</value>
         <object_component_ref idref="oc-db"/>
      </symbol>
      <symbol id="sm-544">
         <name>__TI_zero_init_nomemset</name>
         <value>0x50c8</value>
         <object_component_ref idref="oc-56"/>
      </symbol>
      <symbol id="sm-55b">
         <name>__TI_decompress_none</name>
         <value>0x50e8</value>
         <object_component_ref idref="oc-12"/>
      </symbol>
      <symbol id="sm-57e">
         <name>__TI_decompress_lzss</name>
         <value>0x4fd0</value>
         <object_component_ref idref="oc-c"/>
      </symbol>
      <symbol id="sm-589">
         <name>C$$EXIT</name>
         <value>0x50fc</value>
         <object_component_ref idref="oc-12a"/>
      </symbol>
      <symbol id="sm-58a">
         <name>abort</name>
         <value>0x50fc</value>
         <object_component_ref idref="oc-12a"/>
      </symbol>
      <symbol id="sm-58c">
         <name>__TI_static_base__</name>
         <value>0x0</value>
      </symbol>
      <symbol id="sm-58f">
         <name>SHT$$INIT_ARRAY$$Base</name>
         <value>0x0</value>
      </symbol>
      <symbol id="sm-590">
         <name>SHT$$INIT_ARRAY$$Limit</name>
         <value>0x0</value>
      </symbol>
      <symbol id="sm-591">
         <name>_system_post_cinit</name>
         <value>0x0</value>
      </symbol>
   </symbol_table>
   <title>Link successful</title>
</link_info>
